[    0.000000] Initializing cgroup subsys cpuset
[    0.000000] Initializing cgroup subsys cpu
[    0.000000] Initializing cgroup subsys cpuacct
[    0.000000] Linux version 3.13.0-40-generic (buildd@comet) (gcc version 4.8.2 (Ubuntu 4.8.2-19ubuntu1) ) #69-Ubuntu SMP Thu Nov 13 17:53:56 UTC 2014 (Ubuntu 3.13.0-40.69-generic 3.13.11.10)
[    0.000000] Command line: BOOT_IMAGE=/boot/vmlinuz-3.13.0-40-generic root=UUID=f6082a14-5cbd-44b7-8fd9-f5e694470f55 ro quiet splash vt.handoff=7
[    0.000000] KERNEL supported cpus:
[    0.000000]   Intel GenuineIntel
[    0.000000]   AMD AuthenticAMD
[    0.000000]   Centaur CentaurHauls
[    0.000000] e820: BIOS-provided physical RAM map:
[    0.000000] BIOS-e820: [mem 0x0000000000000000-0x000000000009d3ff] usable
[    0.000000] BIOS-e820: [mem 0x000000000009d400-0x000000000009ffff] reserved
[    0.000000] BIOS-e820: [mem 0x00000000000e0000-0x00000000000fffff] reserved
[    0.000000] BIOS-e820: [mem 0x0000000000100000-0x000000001fffffff] usable
[    0.000000] BIOS-e820: [mem 0x0000000020000000-0x00000000201fffff] reserved
[    0.000000] BIOS-e820: [mem 0x0000000020200000-0x000000003a6befff] usable
[    0.000000] BIOS-e820: [mem 0x000000003a6bf000-0x000000003aebefff] reserved
[    0.000000] BIOS-e820: [mem 0x000000003aebf000-0x000000003afbefff] ACPI NVS
[    0.000000] BIOS-e820: [mem 0x000000003afbf000-0x000000003affefff] ACPI data
[    0.000000] BIOS-e820: [mem 0x000000003afff000-0x000000003affffff] usable
[    0.000000] BIOS-e820: [mem 0x000000003b000000-0x000000003f9fffff] reserved
[    0.000000] BIOS-e820: [mem 0x00000000e0000000-0x00000000efffffff] reserved
[    0.000000] BIOS-e820: [mem 0x00000000feb00000-0x00000000feb03fff] reserved
[    0.000000] BIOS-e820: [mem 0x00000000fec00000-0x00000000fec00fff] reserved
[    0.000000] BIOS-e820: [mem 0x00000000fed10000-0x00000000fed19fff] reserved
[    0.000000] BIOS-e820: [mem 0x00000000fed1c000-0x00000000fed1ffff] reserved
[    0.000000] BIOS-e820: [mem 0x00000000fee00000-0x00000000fee00fff] reserved
[    0.000000] BIOS-e820: [mem 0x00000000ffd80000-0x00000000ffffffff] reserved
[    0.000000] BIOS-e820: [mem 0x0000000100000000-0x000000023f5fffff] usable
[    0.000000] NX (Execute Disable) protection: active
[    0.000000] SMBIOS 2.7 present.
[    0.000000] DMI: Hewlett-Packard HP Pavilion g6 Notebook PC/183F, BIOS F.24 01/17/2013
[    0.000000] e820: update [mem 0x00000000-0x00000fff] usable ==> reserved
[    0.000000] e820: remove [mem 0x000a0000-0x000fffff] usable
[    0.000000] No AGP bridge found
[    0.000000] e820: last_pfn = 0x23f600 max_arch_pfn = 0x400000000
[    0.000000] MTRR default type: uncachable
[    0.000000] MTRR fixed ranges enabled:
[    0.000000]   00000-9FFFF write-back
[    0.000000]   A0000-BFFFF uncachable
[    0.000000]   C0000-E7FFF write-protect
[    0.000000]   E8000-EFFFF write-combining
[    0.000000]   F0000-FFFFF write-protect
[    0.000000] MTRR variable ranges enabled:
[    0.000000]   0 base 000000000 mask FC0000000 write-back
[    0.000000]   1 base 03B000000 mask FFF000000 uncachable
[    0.000000]   2 base 03C000000 mask FFC000000 uncachable
[    0.000000]   3 base 0FFC00000 mask FFFC00000 write-protect
[    0.000000]   4 base 100000000 mask F00000000 write-back
[    0.000000]   5 base 200000000 mask FC0000000 write-back
[    0.000000]   6 base 23F600000 mask FFFE00000 uncachable
[    0.000000]   7 base 23F800000 mask FFF800000 uncachable
[    0.000000]   8 disabled
[    0.000000]   9 disabled
[    0.000000] x86 PAT enabled: cpu 0, old 0x7040600070406, new 0x7010600070106
[    0.000000] e820: last_pfn = 0x3b000 max_arch_pfn = 0x400000000
[    0.000000] found SMP MP-table at [mem 0x000fe1b0-0x000fe1bf] mapped at [ffff8800000fe1b0]
[    0.000000] Scanning 1 areas for low memory corruption
[    0.000000] Base memory trampoline at [ffff880000097000] 97000 size 24576
[    0.000000] init_memory_mapping: [mem 0x00000000-0x000fffff]
[    0.000000]  [mem 0x00000000-0x000fffff] page 4k
[    0.000000] BRK [0x01fe1000, 0x01fe1fff] PGTABLE
[    0.000000] BRK [0x01fe2000, 0x01fe2fff] PGTABLE
[    0.000000] BRK [0x01fe3000, 0x01fe3fff] PGTABLE
[    0.000000] init_memory_mapping: [mem 0x23f400000-0x23f5fffff]
[    0.000000]  [mem 0x23f400000-0x23f5fffff] page 2M
[    0.000000] BRK [0x01fe4000, 0x01fe4fff] PGTABLE
[    0.000000] init_memory_mapping: [mem 0x23c000000-0x23f3fffff]
[    0.000000]  [mem 0x23c000000-0x23f3fffff] page 2M
[    0.000000] init_memory_mapping: [mem 0x200000000-0x23bffffff]
[    0.000000]  [mem 0x200000000-0x23bffffff] page 2M
[    0.000000] init_memory_mapping: [mem 0x00100000-0x1fffffff]
[    0.000000]  [mem 0x00100000-0x001fffff] page 4k
[    0.000000]  [mem 0x00200000-0x1fffffff] page 2M
[    0.000000] init_memory_mapping: [mem 0x20200000-0x3a6befff]
[    0.000000]  [mem 0x20200000-0x3a5fffff] page 2M
[    0.000000]  [mem 0x3a600000-0x3a6befff] page 4k
[    0.000000] BRK [0x01fe5000, 0x01fe5fff] PGTABLE
[    0.000000] init_memory_mapping: [mem 0x3afff000-0x3affffff]
[    0.000000]  [mem 0x3afff000-0x3affffff] page 4k
[    0.000000] BRK [0x01fe6000, 0x01fe6fff] PGTABLE
[    0.000000] init_memory_mapping: [mem 0x100000000-0x1ffffffff]
[    0.000000]  [mem 0x100000000-0x1ffffffff] page 2M
[    0.000000] RAMDISK: [mem 0x35b5c000-0x36da5fff]
[    0.000000] ACPI: RSDP 00000000000fe020 000024 (v02 HPQOEM)
[    0.000000] ACPI: XSDT 000000003affe210 000094 (v01 HPQOEM SLIC-MPC 00000001 HP   01000013)
[    0.000000] ACPI: FACP 000000003affb000 00010C (v05 HPQOEM SLIC-MPC 00000001 HP   00040000)
[    0.000000] ACPI: DSDT 000000003afe9000 00E963 (v01 HPQOEM INSYDE   00000000 INTL 00040000)
[    0.000000] ACPI: FACS 000000003afba000 000040
[    0.000000] ACPI: UEFI 000000003affd000 000236 (v01 HPQOEM 183F     00000001 HP   00040000)
[    0.000000] ACPI: ASF! 000000003affc000 0000A5 (v32 HPQOEM 183F     00000001 HP   00040000)
[    0.000000] ACPI: HPET 000000003affa000 000038 (v01 HPQOEM 183F     00000001 HP   00040000)
[    0.000000] ACPI: APIC 000000003aff9000 00008C (v03 HPQOEM 183F     00000001 HP   00040000)
[    0.000000] ACPI: MCFG 000000003aff8000 00003C (v01 HPQOEM 183F     00000001 HP   00040000)
[    0.000000] ACPI: WDAT 000000003afe8000 000224 (v01 HPQOEM 183F     00000001 HP   00040000)
[    0.000000] ACPI: SSDT 000000003afe7000 000E21 (v01 HPQOEM INSYDE   00001000 INTL 00040000)
[    0.000000] ACPI: BOOT 000000003afe5000 000028 (v01 HPQOEM 183F     00000001 HP   00040000)
[    0.000000] ACPI: ASPT 000000003afe3000 000034 (v07 HPQOEM 183F     00000001 HP   00040000)
[    0.000000] ACPI: DBGP 000000003afe2000 000034 (v01 HPQOEM 183F     00000001 HP   00040000)
[    0.000000] ACPI: FPDT 000000003afe0000 000044 (v01 HPQOEM 183F     00000001 HP   00040000)
[    0.000000] ACPI: SSDT 000000003afde000 000968 (v01 HPQOEM INSYDE   00003000 INTL 00040000)
[    0.000000] ACPI: SSDT 000000003afdd000 000B22 (v01 HPQOEM INSYDE   00003000 INTL 00040000)
[    0.000000] ACPI: Local APIC address 0xfee00000
[    0.000000] No NUMA configuration found
[    0.000000] Faking a node at [mem 0x0000000000000000-0x000000023f5fffff]
[    0.000000] Initmem setup node 0 [mem 0x00000000-0x23f5fffff]
[    0.000000]   NODE_DATA [mem 0x23f5f7000-0x23f5fbfff]
[    0.000000]  [ffffea0000000000-ffffea0008ffffff] PMD -> [ffff880238c00000-ffff88023ebfffff] on node 0
[    0.000000] Zone ranges:
[    0.000000]   DMA      [mem 0x00001000-0x00ffffff]
[    0.000000]   DMA32    [mem 0x01000000-0xffffffff]
[    0.000000]   Normal   [mem 0x100000000-0x23f5fffff]
[    0.000000] Movable zone start for each node
[    0.000000] Early memory node ranges
[    0.000000]   node   0: [mem 0x00001000-0x0009cfff]
[    0.000000]   node   0: [mem 0x00100000-0x1fffffff]
[    0.000000]   node   0: [mem 0x20200000-0x3a6befff]
[    0.000000]   node   0: [mem 0x3afff000-0x3affffff]
[    0.000000]   node   0: [mem 0x100000000-0x23f5fffff]
[    0.000000] On node 0 totalpages: 1546844
[    0.000000]   DMA zone: 64 pages used for memmap
[    0.000000]   DMA zone: 21 pages reserved
[    0.000000]   DMA zone: 3996 pages, LIFO batch:0
[    0.000000]   DMA32 zone: 3667 pages used for memmap
[    0.000000]   DMA32 zone: 234688 pages, LIFO batch:31
[    0.000000]   Normal zone: 20440 pages used for memmap
[    0.000000]   Normal zone: 1308160 pages, LIFO batch:31
[    0.000000] ACPI: PM-Timer IO Port: 0x408
[    0.000000] ACPI: Local APIC address 0xfee00000
[    0.000000] ACPI: LAPIC (acpi_id[0x01] lapic_id[0x00] enabled)
[    0.000000] ACPI: LAPIC (acpi_id[0x02] lapic_id[0x01] enabled)
[    0.000000] ACPI: LAPIC (acpi_id[0x03] lapic_id[0x02] enabled)
[    0.000000] ACPI: LAPIC (acpi_id[0x04] lapic_id[0x03] enabled)
[    0.000000] ACPI: LAPIC (acpi_id[0x05] lapic_id[0x00] disabled)
[    0.000000] ACPI: LAPIC (acpi_id[0x06] lapic_id[0x00] disabled)
[    0.000000] ACPI: LAPIC (acpi_id[0x07] lapic_id[0x00] disabled)
[    0.000000] ACPI: LAPIC (acpi_id[0x08] lapic_id[0x00] disabled)
[    0.000000] ACPI: IOAPIC (id[0x00] address[0xfec00000] gsi_base[0])
[    0.000000] IOAPIC[0]: apic_id 0, version 32, address 0xfec00000, GSI 0-23
[    0.000000] ACPI: INT_SRC_OVR (bus 0 bus_irq 0 global_irq 2 dfl dfl)
[    0.000000] ACPI: INT_SRC_OVR (bus 0 bus_irq 9 global_irq 9 high level)
[    0.000000] ACPI: IRQ0 used by override.
[    0.000000] ACPI: IRQ2 used by override.
[    0.000000] ACPI: IRQ9 used by override.
[    0.000000] Using ACPI (MADT) for SMP configuration information
[    0.000000] ACPI: HPET id: 0x8086a201 base: 0xfed00000
[    0.000000] smpboot: Allowing 8 CPUs, 4 hotplug CPUs
[    0.000000] nr_irqs_gsi: 40
[    0.000000] PM: Registered nosave memory: [mem 0x0009d000-0x0009dfff]
[    0.000000] PM: Registered nosave memory: [mem 0x0009e000-0x0009ffff]
[    0.000000] PM: Registered nosave memory: [mem 0x000a0000-0x000dffff]
[    0.000000] PM: Registered nosave memory: [mem 0x000e0000-0x000fffff]
[    0.000000] PM: Registered nosave memory: [mem 0x20000000-0x201fffff]
[    0.000000] PM: Registered nosave memory: [mem 0x3a6bf000-0x3aebefff]
[    0.000000] PM: Registered nosave memory: [mem 0x3aebf000-0x3afbefff]
[    0.000000] PM: Registered nosave memory: [mem 0x3afbf000-0x3affefff]
[    0.000000] PM: Registered nosave memory: [mem 0x3b000000-0x3f9fffff]
[    0.000000] PM: Registered nosave memory: [mem 0x3fa00000-0xdfffffff]
[    0.000000] PM: Registered nosave memory: [mem 0xe0000000-0xefffffff]
[    0.000000] PM: Registered nosave memory: [mem 0xf0000000-0xfeafffff]
[    0.000000] PM: Registered nosave memory: [mem 0xfeb00000-0xfeb03fff]
[    0.000000] PM: Registered nosave memory: [mem 0xfeb04000-0xfebfffff]
[    0.000000] PM: Registered nosave memory: [mem 0xfec00000-0xfec00fff]
[    0.000000] PM: Registered nosave memory: [mem 0xfec01000-0xfed0ffff]
[    0.000000] PM: Registered nosave memory: [mem 0xfed10000-0xfed19fff]
[    0.000000] PM: Registered nosave memory: [mem 0xfed1a000-0xfed1bfff]
[    0.000000] PM: Registered nosave memory: [mem 0xfed1c000-0xfed1ffff]
[    0.000000] PM: Registered nosave memory: [mem 0xfed20000-0xfedfffff]
[    0.000000] PM: Registered nosave memory: [mem 0xfee00000-0xfee00fff]
[    0.000000] PM: Registered nosave memory: [mem 0xfee01000-0xffd7ffff]
[    0.000000] PM: Registered nosave memory: [mem 0xffd80000-0xffffffff]
[    0.000000] e820: [mem 0x3fa00000-0xdfffffff] available for PCI devices
[    0.000000] Booting paravirtualized kernel on bare hardware
[    0.000000] setup_percpu: NR_CPUS:256 nr_cpumask_bits:256 nr_cpu_ids:8 nr_node_ids:1
[    0.000000] PERCPU: Embedded 29 pages/cpu @ffff88023f200000 s86400 r8192 d24192 u262144
[    0.000000] pcpu-alloc: s86400 r8192 d24192 u262144 alloc=1*2097152
[    0.000000] pcpu-alloc: [0] 0 1 2 3 4 5 6 7 
[    0.000000] Built 1 zonelists in Zone order, mobility grouping on.  Total pages: 1522652
[    0.000000] Policy zone: Normal
[    0.000000] Kernel command line: BOOT_IMAGE=/boot/vmlinuz-3.13.0-40-generic root=UUID=f6082a14-5cbd-44b7-8fd9-f5e694470f55 ro quiet splash vt.handoff=7
[    0.000000] PID hash table entries: 4096 (order: 3, 32768 bytes)
[    0.000000] xsave: enabled xstate_bv 0x7, cntxt size 0x340
[    0.000000] Checking aperture...
[    0.000000] No AGP bridge found
[    0.000000] Calgary: detecting Calgary via BIOS EBDA area
[    0.000000] Calgary: Unable to locate Rio Grande table in EBDA - bailing!
[    0.000000] Memory: 5986708K/6187376K available (7376K kernel code, 1144K rwdata, 3404K rodata, 1336K init, 1444K bss, 200668K reserved)
[    0.000000] SLUB: HWalign=64, Order=0-3, MinObjects=0, CPUs=8, Nodes=1
[    0.000000] Hierarchical RCU implementation.
[    0.000000] 	RCU dyntick-idle grace-period acceleration is enabled.
[    0.000000] 	RCU restricting CPUs from NR_CPUS=256 to nr_cpu_ids=8.
[    0.000000] 	Offload RCU callbacks from all CPUs
[    0.000000] 	Offload RCU callbacks from CPUs: 0-7.
[    0.000000] NR_IRQS:16640 nr_irqs:744 16
[    0.000000] Console: colour dummy device 80x25
[    0.000000] console [tty0] enabled
[    0.000000] allocated 25165824 bytes of page_cgroup
[    0.000000] please try 'cgroup_disable=memory' option if you don't want memory cgroups
[    0.000000] hpet clockevent registered
[    0.000000] tsc: Fast TSC calibration using PIT
[    0.004000] tsc: Detected 2494.327 MHz processor
[    0.000004] Calibrating delay loop (skipped), value calculated using timer frequency.. 4988.65 BogoMIPS (lpj=9977308)
[    0.000009] pid_max: default: 32768 minimum: 301
[    0.000054] Security Framework initialized
[    0.000083] AppArmor: AppArmor initialized
[    0.000085] Yama: becoming mindful.
[    0.001129] Dentry cache hash table entries: 1048576 (order: 11, 8388608 bytes)
[    0.005231] Inode-cache hash table entries: 524288 (order: 10, 4194304 bytes)
[    0.007066] Mount-cache hash table entries: 16384 (order: 5, 131072 bytes)
[    0.007085] Mountpoint-cache hash table entries: 16384 (order: 5, 131072 bytes)
[    0.007434] Initializing cgroup subsys memory
[    0.007443] Initializing cgroup subsys devices
[    0.007446] Initializing cgroup subsys freezer
[    0.007449] Initializing cgroup subsys blkio
[    0.007451] Initializing cgroup subsys perf_event
[    0.007455] Initializing cgroup subsys hugetlb
[    0.007491] CPU: Physical Processor ID: 0
[    0.007493] CPU: Processor Core ID: 0
[    0.007501] ENERGY_PERF_BIAS: Set to 'normal', was 'performance'
[    0.007501] ENERGY_PERF_BIAS: View and update with x86_energy_perf_policy(8)
[    0.008247] mce: CPU supports 7 MCE banks
[    0.008266] CPU0: Thermal monitoring enabled (TM1)
[    0.008283] Last level iTLB entries: 4KB 512, 2MB 0, 4MB 0
[    0.008283] Last level dTLB entries: 4KB 512, 2MB 32, 4MB 32
[    0.008283] tlb_flushall_shift: 2
[    0.008506] Freeing SMP alternatives memory: 32K (ffffffff81e6e000 - ffffffff81e76000)
[    0.010697] ACPI: Core revision 20131115
[    0.020591] ACPI: All ACPI Tables successfully acquired
[    0.038806] ftrace: allocating 28542 entries in 112 pages
[    0.065578] ..TIMER: vector=0x30 apic1=0 pin1=2 apic2=-1 pin2=-1
[    0.105312] smpboot: CPU0: Intel(R) Core(TM) i5-3210M CPU @ 2.50GHz (fam: 06, model: 3a, stepping: 09)
[    0.105325] TSC deadline timer enabled
[    0.105343] Performance Events: PEBS fmt1+, 16-deep LBR, IvyBridge events, full-width counters, Intel PMU driver.
[    0.105354] ... version:                3
[    0.105356] ... bit width:              48
[    0.105358] ... generic registers:      4
[    0.105360] ... value mask:             0000ffffffffffff
[    0.105362] ... max period:             0000ffffffffffff
[    0.105363] ... fixed-purpose events:   3
[    0.105365] ... event mask:             000000070000000f
[    0.108329] x86: Booting SMP configuration:
[    0.122651] NMI watchdog: enabled on all CPUs, permanently consumes one hw-PMU counter.
[    0.108332] .... node  #0, CPUs:      #1 #2 #3
[    0.150891] x86: Booted up 1 node, 4 CPUs
[    0.150897] smpboot: Total of 4 processors activated (19954.61 BogoMIPS)
[    0.156916] devtmpfs: initialized
[    0.162115] EVM: security.selinux
[    0.162118] EVM: security.SMACK64
[    0.162119] EVM: security.ima
[    0.162121] EVM: security.capability
[    0.162204] PM: Registering ACPI NVS region [mem 0x3aebf000-0x3afbefff] (1048576 bytes)
[    0.163729] pinctrl core: initialized pinctrl subsystem
[    0.163823] regulator-dummy: no parameters
[    0.163863] RTC time:  2:06:18, date: 01/20/15
[    0.163919] NET: Registered protocol family 16
[    0.164095] cpuidle: using governor ladder
[    0.164098] cpuidle: using governor menu
[    0.164163] ACPI FADT declares the system doesn't support PCIe ASPM, so disable it
[    0.164165] ACPI: bus type PCI registered
[    0.164168] acpiphp: ACPI Hot Plug PCI Controller Driver version: 0.5
[    0.164268] PCI: MMCONFIG for domain 0000 [bus 00-ff] at [mem 0xe0000000-0xefffffff] (base 0xe0000000)
[    0.164272] PCI: MMCONFIG at [mem 0xe0000000-0xefffffff] reserved in E820
[    0.205610] PCI: Using configuration type 1 for base access
[    0.205893] mtrr: your CPUs had inconsistent variable MTRR settings
[    0.205894] mtrr: probably your BIOS does not setup all CPUs.
[    0.205896] mtrr: corrected configuration.
[    0.207181] bio: create slab <bio-0> at 0
[    0.207439] ACPI: Added _OSI(Module Device)
[    0.207442] ACPI: Added _OSI(Processor Device)
[    0.207444] ACPI: Added _OSI(3.0 _SCP Extensions)
[    0.207446] ACPI: Added _OSI(Processor Aggregator Device)
[    0.211965] ACPI: Executed 1 blocks of module-level executable AML code
[    0.216754] [Firmware Bug]: ACPI: BIOS _OSI(Linux) query ignored
[    0.217397] ACPI: SSDT 000000003ae5b018 00083B (v01  PmRef  Cpu0Cst 00003001 INTL 20111123)
[    0.217996] ACPI: Dynamic OEM Table Load:
[    0.217999] ACPI: SSDT           (null) 00083B (v01  PmRef  Cpu0Cst 00003001 INTL 20111123)
[    0.221064] ACPI: SSDT 000000003ae5ca98 000303 (v01  PmRef    ApIst 00003000 INTL 20111123)
[    0.221708] ACPI: Dynamic OEM Table Load:
[    0.221711] ACPI: SSDT           (null) 000303 (v01  PmRef    ApIst 00003000 INTL 20111123)
[    0.224807] ACPI: SSDT 000000003ae15d98 000119 (v01  PmRef    ApCst 00003000 INTL 20111123)
[    0.225391] ACPI: Dynamic OEM Table Load:
[    0.225394] ACPI: SSDT           (null) 000119 (v01  PmRef    ApCst 00003000 INTL 20111123)
[    0.343455] ACPI: Interpreter enabled
[    0.343469] ACPI Exception: AE_NOT_FOUND, While evaluating Sleep State [\_S1_] (20131115/hwxface-580)
[    0.343478] ACPI Exception: AE_NOT_FOUND, While evaluating Sleep State [\_S2_] (20131115/hwxface-580)
[    0.343506] ACPI: (supports S0 S3 S4 S5)
[    0.343509] ACPI: Using IOAPIC for interrupt routing
[    0.343558] PCI: Using host bridge windows from ACPI; if necessary, use "pci=nocrs" and report a bug
[    0.343757] ACPI: No dock devices found.
[    0.352792] ACPI: PCI Root Bridge [PCI0] (domain 0000 [bus 00-fe])
[    0.352802] acpi PNP0A08:00: _OSC: OS supports [ExtendedConfig ASPM ClockPM Segments MSI]
[    0.352916] \_SB_.PCI0:_OSC invalid UUID
[    0.352918] _OSC request data:1 1f 0 
[    0.352926] acpi PNP0A08:00: _OSC failed (AE_ERROR); disabling ASPM
[    0.353985] PCI host bridge to bus 0000:00
[    0.353990] pci_bus 0000:00: root bus resource [bus 00-fe]
[    0.353994] pci_bus 0000:00: root bus resource [io  0x0000-0x0cf7]
[    0.353997] pci_bus 0000:00: root bus resource [io  0x0d00-0xffff]
[    0.354000] pci_bus 0000:00: root bus resource [mem 0x000a0000-0x000bffff]
[    0.354003] pci_bus 0000:00: root bus resource [mem 0x3fa00000-0xfeafffff]
[    0.354017] pci 0000:00:00.0: [8086:0154] type 00 class 0x060000
[    0.354142] pci 0000:00:02.0: [8086:0166] type 00 class 0x030000
[    0.354162] pci 0000:00:02.0: reg 0x10: [mem 0x52000000-0x523fffff 64bit]
[    0.354173] pci 0000:00:02.0: reg 0x18: [mem 0x40000000-0x4fffffff 64bit pref]
[    0.354181] pci 0000:00:02.0: reg 0x20: [io  0x4000-0x403f]
[    0.354341] pci 0000:00:14.0: [8086:1e31] type 00 class 0x0c0330
[    0.354384] pci 0000:00:14.0: reg 0x10: [mem 0x52600000-0x5260ffff 64bit]
[    0.354521] pci 0000:00:14.0: PME# supported from D3hot D3cold
[    0.354579] pci 0000:00:14.0: System wakeup disabled by ACPI
[    0.354637] pci 0000:00:16.0: [8086:1e3a] type 00 class 0x078000
[    0.354679] pci 0000:00:16.0: reg 0x10: [mem 0x52614000-0x5261400f 64bit]
[    0.354817] pci 0000:00:16.0: PME# supported from D0 D3hot D3cold
[    0.354948] pci 0000:00:1a.0: [8086:1e2d] type 00 class 0x0c0320
[    0.354986] pci 0000:00:1a.0: reg 0x10: [mem 0x52619000-0x526193ff]
[    0.355152] pci 0000:00:1a.0: PME# supported from D0 D3hot D3cold
[    0.355401] pci 0000:00:1a.0: System wakeup disabled by ACPI
[    0.355466] pci 0000:00:1b.0: [8086:1e20] type 00 class 0x040300
[    0.355498] pci 0000:00:1b.0: reg 0x10: [mem 0x52610000-0x52613fff 64bit]
[    0.355646] pci 0000:00:1b.0: PME# supported from D0 D3hot D3cold
[    0.355711] pci 0000:00:1b.0: System wakeup disabled by ACPI
[    0.355763] pci 0000:00:1c.0: [8086:1e10] type 01 class 0x060400
[    0.355918] pci 0000:00:1c.0: PME# supported from D0 D3hot D3cold
[    0.355982] pci 0000:00:1c.0: System wakeup disabled by ACPI
[    0.356035] pci 0000:00:1c.1: [8086:1e12] type 01 class 0x060400
[    0.356189] pci 0000:00:1c.1: PME# supported from D0 D3hot D3cold
[    0.356256] pci 0000:00:1c.1: System wakeup disabled by ACPI
[    0.356311] pci 0000:00:1c.2: [8086:1e14] type 01 class 0x060400
[    0.356466] pci 0000:00:1c.2: PME# supported from D0 D3hot D3cold
[    0.356532] pci 0000:00:1c.2: System wakeup disabled by ACPI
[    0.356598] pci 0000:00:1d.0: [8086:1e26] type 00 class 0x0c0320
[    0.356637] pci 0000:00:1d.0: reg 0x10: [mem 0x52618000-0x526183ff]
[    0.356803] pci 0000:00:1d.0: PME# supported from D0 D3hot D3cold
[    0.357050] pci 0000:00:1d.0: System wakeup disabled by ACPI
[    0.357106] pci 0000:00:1f.0: [8086:1e59] type 00 class 0x060100
[    0.357366] pci 0000:00:1f.2: [8086:1e03] type 00 class 0x010601
[    0.357407] pci 0000:00:1f.2: reg 0x10: [io  0x4088-0x408f]
[    0.357425] pci 0000:00:1f.2: reg 0x14: [io  0x4094-0x4097]
[    0.357441] pci 0000:00:1f.2: reg 0x18: [io  0x4080-0x4087]
[    0.357458] pci 0000:00:1f.2: reg 0x1c: [io  0x4090-0x4093]
[    0.357476] pci 0000:00:1f.2: reg 0x20: [io  0x4060-0x407f]
[    0.357491] pci 0000:00:1f.2: reg 0x24: [mem 0x52617000-0x526177ff]
[    0.357598] pci 0000:00:1f.2: PME# supported from D3hot
[    0.357697] pci 0000:00:1f.3: [8086:1e22] type 00 class 0x0c0500
[    0.357730] pci 0000:00:1f.3: reg 0x10: [mem 0x52615000-0x526150ff 64bit]
[    0.357776] pci 0000:00:1f.3: reg 0x20: [io  0x4040-0x405f]
[    0.361299] pci 0000:01:00.0: [1814:3290] type 00 class 0x028000
[    0.361397] pci 0000:01:00.0: reg 0x10: [mem 0x52510000-0x5251ffff]
[    0.361615] pci 0000:01:00.0: PME# supported from D0 D3hot
[    0.363367] pci 0000:01:00.1: [1814:3298] type 00 class 0x0d1100
[    0.363413] pci 0000:01:00.1: reg 0x10: [mem 0x52500000-0x5250ffff]
[    0.363629] pci 0000:01:00.1: supports D1
[    0.363632] pci 0000:01:00.1: PME# supported from D0 D1 D3hot
[    0.377345] pci 0000:00:1c.0: PCI bridge to [bus 01]
[    0.377357] pci 0000:00:1c.0:   bridge window [mem 0x52500000-0x525fffff]
[    0.377516] pci 0000:02:00.0: [10ec:8136] type 00 class 0x020000
[    0.377545] pci 0000:02:00.0: reg 0x10: [io  0x3000-0x30ff]
[    0.377595] pci 0000:02:00.0: reg 0x18: [mem 0x52404000-0x52404fff 64bit pref]
[    0.377626] pci 0000:02:00.0: reg 0x20: [mem 0x52400000-0x52403fff 64bit pref]
[    0.377758] pci 0000:02:00.0: supports D1 D2
[    0.377761] pci 0000:02:00.0: PME# supported from D0 D1 D2 D3hot D3cold
[    0.377838] pci 0000:02:00.0: System wakeup disabled by ACPI
[    0.387705] pci 0000:00:1c.1: PCI bridge to [bus 02]
[    0.387712] pci 0000:00:1c.1:   bridge window [io  0x3000-0x3fff]
[    0.387727] pci 0000:00:1c.1:   bridge window [mem 0x52400000-0x524fffff 64bit pref]
[    0.387958] pci 0000:03:00.0: [10ec:5229] type 00 class 0xff0000
[    0.388027] pci 0000:03:00.0: reg 0x10: [mem 0x51000000-0x51000fff]
[    0.388536] pci 0000:03:00.0: supports D1 D2
[    0.388539] pci 0000:03:00.0: PME# supported from D1 D2 D3hot
[    0.395753] pci 0000:00:1c.2: PCI bridge to [bus 03-08]
[    0.395761] pci 0000:00:1c.2:   bridge window [io  0x2000-0x2fff]
[    0.395768] pci 0000:00:1c.2:   bridge window [mem 0x51000000-0x51ffffff]
[    0.395779] pci 0000:00:1c.2:   bridge window [mem 0x50000000-0x50ffffff 64bit pref]
[    0.396481] ACPI: PCI Interrupt Link [LNKA] (IRQs 1 3 4 5 6 10 *11 12 14 15)
[    0.396571] ACPI: PCI Interrupt Link [LNKB] (IRQs 1 3 4 5 6 10 *11 12 14 15)
[    0.396655] ACPI: PCI Interrupt Link [LNKC] (IRQs 1 3 4 5 6 10 *11 12 14 15)
[    0.396738] ACPI: PCI Interrupt Link [LNKD] (IRQs 1 3 4 5 6 *10 11 12 14 15)
[    0.396820] ACPI: PCI Interrupt Link [LNKE] (IRQs 1 3 4 5 6 10 *11 12 14 15)
[    0.396902] ACPI: PCI Interrupt Link [LNKF] (IRQs 1 3 4 5 6 10 *11 12 14 15)
[    0.396984] ACPI: PCI Interrupt Link [LNKG] (IRQs 1 3 4 5 6 10 *11 12 14 15)
[    0.397067] ACPI: PCI Interrupt Link [LNKH] (IRQs 1 3 4 5 6 10 11 12 14 15) *0, disabled.
[    0.397528] ACPI: Enabled 4 GPEs in block 00 to 3F
[    0.397544] ACPI: \_SB_.PCI0: notify handler is installed
[    0.397617] Found 1 acpi root devices
[    0.397694] ACPI : EC: GPE = 0x1d, I/O: command/status = 0x66, data = 0x62
[    0.397841] vgaarb: setting as boot device: PCI:0000:00:02.0
[    0.397844] vgaarb: device added: PCI:0000:00:02.0,decodes=io+mem,owns=io+mem,locks=none
[    0.397849] vgaarb: loaded
[    0.397852] vgaarb: bridge control possible 0000:00:02.0
[    0.398112] SCSI subsystem initialized
[    0.398191] libata version 3.00 loaded.
[    0.398220] ACPI: bus type USB registered
[    0.398247] usbcore: registered new interface driver usbfs
[    0.398259] usbcore: registered new interface driver hub
[    0.398295] usbcore: registered new device driver usb
[    0.398464] PCI: Using ACPI for IRQ routing
[    0.414702] PCI: pci_cache_line_size set to 64 bytes
[    0.414830] e820: reserve RAM buffer [mem 0x0009d400-0x0009ffff]
[    0.414833] e820: reserve RAM buffer [mem 0x3a6bf000-0x3bffffff]
[    0.414836] e820: reserve RAM buffer [mem 0x3b000000-0x3bffffff]
[    0.414839] e820: reserve RAM buffer [mem 0x23f600000-0x23fffffff]
[    0.414966] NetLabel: Initializing
[    0.414968] NetLabel:  domain hash size = 128
[    0.414970] NetLabel:  protocols = UNLABELED CIPSOv4
[    0.414993] NetLabel:  unlabeled traffic allowed by default
[    0.415085] hpet0: at MMIO 0xfed00000, IRQs 2, 8, 0, 0, 0, 0, 0, 0
[    0.415094] hpet0: 8 comparators, 64-bit 14.318180 MHz counter
[    0.417148] Switched to clocksource hpet
[    0.424528] AppArmor: AppArmor Filesystem Enabled
[    0.424563] pnp: PnP ACPI init
[    0.424584] ACPI: bus type PNP registered
[    0.424870] pnp 00:00: [dma 4]
[    0.424905] pnp 00:00: Plug and Play ACPI device, IDs PNP0200 (active)
[    0.424940] pnp 00:01: Plug and Play ACPI device, IDs INT0800 (active)
[    0.425084] pnp 00:02: Plug and Play ACPI device, IDs PNP0103 (active)
[    0.425132] pnp 00:03: Plug and Play ACPI device, IDs PNP0c04 (active)
[    0.425224] system 00:04: [io  0x0680-0x069f] has been reserved
[    0.425229] system 00:04: [io  0x1000-0x100f] has been reserved
[    0.425232] system 00:04: [io  0xffff] has been reserved
[    0.425235] system 00:04: [io  0xffff] has been reserved
[    0.425239] system 00:04: [io  0x0400-0x0453] could not be reserved
[    0.425242] system 00:04: [io  0x0458-0x047f] has been reserved
[    0.425246] system 00:04: [io  0x0500-0x057f] has been reserved
[    0.425249] system 00:04: [io  0x164e-0x164f] has been reserved
[    0.425252] system 00:04: [io  0x0454-0x0457] has been reserved
[    0.425255] system 00:04: [io  0x0380-0x0387] has been reserved
[    0.425260] system 00:04: Plug and Play ACPI device, IDs PNP0c02 (active)
[    0.425307] pnp 00:05: Plug and Play ACPI device, IDs PNP0b00 (active)
[    0.425365] pnp 00:06: Plug and Play ACPI device, IDs HPQ8001 PNP0303 (active)
[    0.425415] pnp 00:07: Plug and Play ACPI device, IDs SYN1e60 SYN1e00 SYN0002 PNP0f13 (active)
[    0.425483] pnp 00:08: Plug and Play ACPI device, IDs HPQ0004 (active)
[    0.425745] system 00:09: [mem 0xfed1c000-0xfed1ffff] has been reserved
[    0.425749] system 00:09: [mem 0xfed10000-0xfed17fff] has been reserved
[    0.425752] system 00:09: [mem 0xfed18000-0xfed18fff] has been reserved
[    0.425756] system 00:09: [mem 0xfed19000-0xfed19fff] has been reserved
[    0.425759] system 00:09: [mem 0xe0000000-0xefffffff] has been reserved
[    0.425762] system 00:09: [mem 0xfed20000-0xfed3ffff] has been reserved
[    0.425768] system 00:09: [mem 0xfed90000-0xfed93fff] has been reserved
[    0.425772] system 00:09: [mem 0xff000000-0xffffffff] could not be reserved
[    0.425776] system 00:09: [mem 0xfee00000-0xfeefffff] could not be reserved
[    0.425779] system 00:09: [mem 0x3fa00000-0x3fa00fff] has been reserved
[    0.425783] system 00:09: Plug and Play ACPI device, IDs PNP0c02 (active)
[    0.426071] pnp 00:0a: disabling [mem 0x40004000-0x40004fff] because it overlaps 0000:00:02.0 BAR 2 [mem 0x40000000-0x4fffffff 64bit pref]
[    0.426112] system 00:0a: [mem 0x20000000-0x201fffff] has been reserved
[    0.426116] system 00:0a: Plug and Play ACPI device, IDs PNP0c01 (active)
[    0.426144] pnp: PnP ACPI: found 11 devices
[    0.426146] ACPI: bus type PNP unregistered
[    0.433392] pci 0000:00:1c.0: PCI bridge to [bus 01]
[    0.433403] pci 0000:00:1c.0:   bridge window [mem 0x52500000-0x525fffff]
[    0.433418] pci 0000:00:1c.1: PCI bridge to [bus 02]
[    0.433423] pci 0000:00:1c.1:   bridge window [io  0x3000-0x3fff]
[    0.433437] pci 0000:00:1c.1:   bridge window [mem 0x52400000-0x524fffff 64bit pref]
[    0.433448] pci 0000:00:1c.2: PCI bridge to [bus 03-08]
[    0.433453] pci 0000:00:1c.2:   bridge window [io  0x2000-0x2fff]
[    0.433462] pci 0000:00:1c.2:   bridge window [mem 0x51000000-0x51ffffff]
[    0.433469] pci 0000:00:1c.2:   bridge window [mem 0x50000000-0x50ffffff 64bit pref]
[    0.433482] pci_bus 0000:00: resource 4 [io  0x0000-0x0cf7]
[    0.433485] pci_bus 0000:00: resource 5 [io  0x0d00-0xffff]
[    0.433488] pci_bus 0000:00: resource 6 [mem 0x000a0000-0x000bffff]
[    0.433491] pci_bus 0000:00: resource 7 [mem 0x3fa00000-0xfeafffff]
[    0.433495] pci_bus 0000:01: resource 1 [mem 0x52500000-0x525fffff]
[    0.433498] pci_bus 0000:02: resource 0 [io  0x3000-0x3fff]
[    0.433502] pci_bus 0000:02: resource 2 [mem 0x52400000-0x524fffff 64bit pref]
[    0.433505] pci_bus 0000:03: resource 0 [io  0x2000-0x2fff]
[    0.433508] pci_bus 0000:03: resource 1 [mem 0x51000000-0x51ffffff]
[    0.433511] pci_bus 0000:03: resource 2 [mem 0x50000000-0x50ffffff 64bit pref]
[    0.433558] NET: Registered protocol family 2
[    0.433912] TCP established hash table entries: 65536 (order: 7, 524288 bytes)
[    0.434198] TCP bind hash table entries: 65536 (order: 8, 1048576 bytes)
[    0.434393] TCP: Hash tables configured (established 65536 bind 65536)
[    0.434421] TCP: reno registered
[    0.434440] UDP hash table entries: 4096 (order: 5, 131072 bytes)
[    0.434493] UDP-Lite hash table entries: 4096 (order: 5, 131072 bytes)
[    0.434610] NET: Registered protocol family 1
[    0.434629] pci 0000:00:02.0: Video device with shadowed ROM
[    0.465378] PCI: CLS 64 bytes, default 64
[    0.465475] Trying to unpack rootfs image as initramfs...
[    1.034433] Freeing initrd memory: 18728K (ffff880035b5c000 - ffff880036da6000)
[    1.034440] PCI-DMA: Using software bounce buffering for IO (SWIOTLB)
[    1.034445] software IO TLB [mem 0x31b5c000-0x35b5c000] (64MB) mapped at [ffff880031b5c000-ffff880035b5bfff]
[    1.034523] Simple Boot Flag at 0x44 set to 0x1
[    1.034803] microcode: CPU0 sig=0x306a9, pf=0x10, revision=0x15
[    1.034813] microcode: CPU1 sig=0x306a9, pf=0x10, revision=0x15
[    1.034825] microcode: CPU2 sig=0x306a9, pf=0x10, revision=0x15
[    1.034837] microcode: CPU3 sig=0x306a9, pf=0x10, revision=0x15
[    1.034915] microcode: Microcode Update Driver: v2.00 <tigran@aivazian.fsnet.co.uk>, Peter Oruba
[    1.034918] Scanning for low memory corruption every 60 seconds
[    1.035340] Initialise system trusted keyring
[    1.035411] audit: initializing netlink socket (disabled)
[    1.035428] type=2000 audit(1421719579.008:1): initialized
[    1.087293] HugeTLB registered 2 MB page size, pre-allocated 0 pages
[    1.088958] zbud: loaded
[    1.089199] VFS: Disk quotas dquot_6.5.2
[    1.089260] Dquot-cache hash table entries: 512 (order 0, 4096 bytes)
[    1.089896] fuse init (API version 7.22)
[    1.090025] msgmni has been set to 11729
[    1.090110] Key type big_key registered
[    1.090707] Key type asymmetric registered
[    1.090710] Asymmetric key parser 'x509' registered
[    1.090757] Block layer SCSI generic (bsg) driver version 0.4 loaded (major 252)
[    1.090813] io scheduler noop registered
[    1.090817] io scheduler deadline registered (default)
[    1.090852] io scheduler cfq registered
[    1.091587] pci_hotplug: PCI Hot Plug PCI Core version: 0.5
[    1.091608] pciehp: PCI Express Hot Plug Controller Driver version: 0.4
[    1.091665] vesafb: mode is 1366x768x32, linelength=5504, pages=0
[    1.091667] vesafb: scrolling: redraw
[    1.091670] vesafb: Truecolor: size=8:8:8:8, shift=24:16:8:0
[    1.092382] vesafb: framebuffer at 0x40000000, mapped to 0xffffc90010e80000, using 4160k, total 4160k
[    1.226742] Console: switching to colour frame buffer device 170x48
[    1.360663] fb0: VESA VGA frame buffer device
[    1.360692] intel_idle: MWAIT substates: 0x21120
[    1.360695] intel_idle: v0.4 model 0x3A
[    1.360697] intel_idle: lapic_timer_reliable_states 0xffffffff
[    1.360857] ipmi message handler version 39.2
[    1.361215] ACPI: Deprecated procfs I/F for AC is loaded, please retry with CONFIG_ACPI_PROCFS_POWER cleared
[    1.361474] ACPI: AC Adapter [ACAD] (on-line)
[    1.361606] input: Lid Switch as /devices/LNXSYSTM:00/device:00/PNP0C0D:00/input/input0
[    1.362286] ACPI: Lid Switch [LID0]
[    1.362344] input: Power Button as /devices/LNXSYSTM:00/device:00/PNP0C0C:00/input/input1
[    1.362349] ACPI: Power Button [PWRB]
[    1.362410] input: Power Button as /devices/LNXSYSTM:00/LNXPWRBN:00/input/input2
[    1.362414] ACPI: Power Button [PWRF]
[    1.363891] [Firmware Bug]: Invalid critical threshold (0)
[    1.366147] thermal LNXTHERM:00: registered as thermal_zone0
[    1.366150] ACPI: Thermal Zone [TZ01] (0 C)
[    1.366181] GHES: HEST is not enabled!
[    1.366325] Serial: 8250/16550 driver, 32 ports, IRQ sharing enabled
[    1.368907] Linux agpgart interface v0.103
[    1.370734] brd: module loaded
[    1.371685] loop: module loaded
[    1.372201] libphy: Fixed MDIO Bus: probed
[    1.372322] tun: Universal TUN/TAP device driver, 1.6
[    1.372324] tun: (C) 1999-2004 Max Krasnyansky <maxk@qualcomm.com>
[    1.372395] PPP generic driver version 2.4.2
[    1.372448] ehci_hcd: USB 2.0 'Enhanced' Host Controller (EHCI) Driver
[    1.372454] ehci-pci: EHCI PCI platform driver
[    1.372630] ehci-pci 0000:00:1a.0: EHCI Host Controller
[    1.372639] ehci-pci 0000:00:1a.0: new USB bus registered, assigned bus number 1
[    1.372660] ehci-pci 0000:00:1a.0: debug port 2
[    1.376581] ehci-pci 0000:00:1a.0: cache line size of 64 is not supported
[    1.376619] ehci-pci 0000:00:1a.0: irq 16, io mem 0x52619000
[    1.386273] ehci-pci 0000:00:1a.0: USB 2.0 started, EHCI 1.00
[    1.386349] usb usb1: New USB device found, idVendor=1d6b, idProduct=0002
[    1.386352] usb usb1: New USB device strings: Mfr=3, Product=2, SerialNumber=1
[    1.386355] usb usb1: Product: EHCI Host Controller
[    1.386358] usb usb1: Manufacturer: Linux 3.13.0-40-generic ehci_hcd
[    1.386361] usb usb1: SerialNumber: 0000:00:1a.0
[    1.386617] hub 1-0:1.0: USB hub found
[    1.386631] hub 1-0:1.0: 2 ports detected
[    1.386933] ehci-pci 0000:00:1d.0: EHCI Host Controller
[    1.386942] ehci-pci 0000:00:1d.0: new USB bus registered, assigned bus number 2
[    1.386960] ehci-pci 0000:00:1d.0: debug port 2
[    1.390880] ehci-pci 0000:00:1d.0: cache line size of 64 is not supported
[    1.390921] ehci-pci 0000:00:1d.0: irq 20, io mem 0x52618000
[    1.402356] ehci-pci 0000:00:1d.0: USB 2.0 started, EHCI 1.00
[    1.402463] usb usb2: New USB device found, idVendor=1d6b, idProduct=0002
[    1.402467] usb usb2: New USB device strings: Mfr=3, Product=2, SerialNumber=1
[    1.402471] usb usb2: Product: EHCI Host Controller
[    1.402474] usb usb2: Manufacturer: Linux 3.13.0-40-generic ehci_hcd
[    1.402477] usb usb2: SerialNumber: 0000:00:1d.0
[    1.402826] hub 2-0:1.0: USB hub found
[    1.402845] hub 2-0:1.0: 2 ports detected
[    1.403049] ehci-platform: EHCI generic platform driver
[    1.403067] ohci_hcd: USB 1.1 'Open' Host Controller (OHCI) Driver
[    1.403069] ohci-pci: OHCI PCI platform driver
[    1.403090] ohci-platform: OHCI generic platform driver
[    1.403101] uhci_hcd: USB Universal Host Controller Interface driver
[    1.403343] xhci_hcd 0000:00:14.0: xHCI Host Controller
[    1.403360] xhci_hcd 0000:00:14.0: new USB bus registered, assigned bus number 3
[    1.403493] xhci_hcd 0000:00:14.0: cache line size of 64 is not supported
[    1.403537] xhci_hcd 0000:00:14.0: irq 40 for MSI/MSI-X
[    1.403664] usb usb3: New USB device found, idVendor=1d6b, idProduct=0002
[    1.403668] usb usb3: New USB device strings: Mfr=3, Product=2, SerialNumber=1
[    1.403671] usb usb3: Product: xHCI Host Controller
[    1.403674] usb usb3: Manufacturer: Linux 3.13.0-40-generic xhci_hcd
[    1.403677] usb usb3: SerialNumber: 0000:00:14.0
[    1.403964] hub 3-0:1.0: USB hub found
[    1.403983] hub 3-0:1.0: 4 ports detected
[    1.404545] xhci_hcd 0000:00:14.0: xHCI Host Controller
[    1.404552] xhci_hcd 0000:00:14.0: new USB bus registered, assigned bus number 4
[    1.404609] usb usb4: New USB device found, idVendor=1d6b, idProduct=0003
[    1.404612] usb usb4: New USB device strings: Mfr=3, Product=2, SerialNumber=1
[    1.404615] usb usb4: Product: xHCI Host Controller
[    1.404618] usb usb4: Manufacturer: Linux 3.13.0-40-generic xhci_hcd
[    1.404621] usb usb4: SerialNumber: 0000:00:14.0
[    1.404857] hub 4-0:1.0: USB hub found
[    1.404874] hub 4-0:1.0: 4 ports detected
[    1.410566] i8042: PNP: PS/2 Controller [PNP0303:PS2K,PNP0f13:PS2M] at 0x60,0x64 irq 1,12
[    1.418564] serio: i8042 KBD port at 0x60,0x64 irq 1
[    1.418574] serio: i8042 AUX port at 0x60,0x64 irq 12
[    1.418926] mousedev: PS/2 mouse device common for all mice
[    1.419299] rtc_cmos 00:05: RTC can wake from S4
[    1.419498] rtc_cmos 00:05: rtc core: registered rtc_cmos as rtc0
[    1.419535] rtc_cmos 00:05: alarms up to one month, 242 bytes nvram, hpet irqs
[    1.419640] device-mapper: uevent: version 1.0.3
[    1.419753] device-mapper: ioctl: 4.27.0-ioctl (2013-10-30) initialised: dm-devel@redhat.com
[    1.419765] ledtrig-cpu: registered to indicate activity on CPUs
[    1.419929] TCP: cubic registered
[    1.420055] NET: Registered protocol family 10
[    1.420309] NET: Registered protocol family 17
[    1.420322] Key type dns_resolver registered
[    1.420775] Loading compiled-in X.509 certificates
[    1.422596] Loaded X.509 cert 'Magrathea: Glacier signing key: 35728cdb88aa70fdd3acd153a37b513192a47fd8'
[    1.422623] registered taskstats version 1
[    1.425838] ACPI: Deprecated procfs I/F for battery is loaded, please retry with CONFIG_ACPI_PROCFS_POWER cleared
[    1.425848] ACPI: Battery Slot [BAT0] (battery present)
[    1.426675] Key type trusted registered
[    1.429451] Key type encrypted registered
[    1.430494] input: AT Translated Set 2 keyboard as /devices/platform/i8042/serio0/input/input3
[    1.432939] AppArmor: AppArmor sha1 policy hashing enabled
[    1.432946] IMA: No TPM chip found, activating TPM-bypass!
[    1.433538] regulator-dummy: disabling
[    1.433625]   Magic number: 15:743:106
[    1.433764] rtc_cmos 00:05: setting system clock to 2015-01-20 02:06:19 UTC (1421719579)
[    1.435198] BIOS EDD facility v0.16 2004-Jun-25, 0 devices found
[    1.435201] EDD information not available.
[    1.435264] PM: Hibernation image not present or could not be loaded.
[    1.436796] Freeing unused kernel memory: 1336K (ffffffff81d20000 - ffffffff81e6e000)
[    1.436798] Write protecting the kernel read-only data: 12288k
[    1.440641] Freeing unused kernel memory: 804K (ffff880001737000 - ffff880001800000)
[    1.443911] Freeing unused kernel memory: 692K (ffff880001b53000 - ffff880001c00000)
[    1.464693] systemd-udevd[123]: starting version 204
[    1.506060] r8169 Gigabit Ethernet driver 2.3LK-NAPI loaded
[    1.506079] r8169 0000:02:00.0: can't disable ASPM; OS doesn't have ASPM control
[    1.506360] r8169 0000:02:00.0: irq 41 for MSI/MSI-X
[    1.506630] r8169 0000:02:00.0 eth0: RTL8105e at 0xffffc90000c68000, d4:c9:ef:67:11:d9, XID 00c00000 IRQ 41
[    1.510719] rtsx_pci 0000:03:00.0: irq 42 for MSI/MSI-X
[    1.510770] rtsx_pci 0000:03:00.0: rtsx_pci_acquire_irq: pcr->msi_en = 1, pci->irq = 42
[    1.515007] ahci 0000:00:1f.2: version 3.0
[    1.515299] ahci 0000:00:1f.2: irq 43 for MSI/MSI-X
[    1.533277] ahci 0000:00:1f.2: AHCI 0001.0300 32 slots 6 ports 6 Gbps 0x11 impl SATA mode
[    1.533289] ahci 0000:00:1f.2: flags: 64bit ncq pm led clo pio slum part ems apst 
[    1.539249] scsi0 : ahci
[    1.539440] scsi1 : ahci
[    1.539591] scsi2 : ahci
[    1.542466] scsi3 : ahci
[    1.542671] scsi4 : ahci
[    1.543271] scsi5 : ahci
[    1.543349] ata1: SATA max UDMA/133 abar m2048@0x52617000 port 0x52617100 irq 43
[    1.543353] ata2: DUMMY
[    1.543356] ata3: DUMMY
[    1.543359] ata4: DUMMY
[    1.543364] ata5: SATA max UDMA/133 abar m2048@0x52617000 port 0x52617300 irq 43
[    1.543367] ata6: DUMMY
[    1.698765] usb 1-1: new high-speed USB device number 2 using ehci-pci
[    1.831334] usb 1-1: New USB device found, idVendor=8087, idProduct=0024
[    1.831341] usb 1-1: New USB device strings: Mfr=0, Product=0, SerialNumber=0
[    1.831878] hub 1-1:1.0: USB hub found
[    1.831986] hub 1-1:1.0: 6 ports detected
[    1.862893] ata1: SATA link up 3.0 Gbps (SStatus 123 SControl 300)
[    1.864338] ata1.00: ATA-8: HGST HTS545050A7E380, GG2OACA0, max UDMA/100
[    1.864345] ata1.00: 976773168 sectors, multi 16: LBA48 NCQ (depth 31/32), AA
[    1.865950] ata1.00: configured for UDMA/100
[    1.866297] scsi 0:0:0:0: Direct-Access     ATA      HGST HTS545050A7 GG2O PQ: 0 ANSI: 5
[    1.866704] sd 0:0:0:0: [sda] 976773168 512-byte logical blocks: (500 GB/465 GiB)
[    1.866716] sd 0:0:0:0: [sda] 4096-byte physical blocks
[    1.866855] sd 0:0:0:0: Attached scsi generic sg0 type 0
[    1.867003] ata5: SATA link up 1.5 Gbps (SStatus 113 SControl 300)
[    1.867276] sd 0:0:0:0: [sda] Write Protect is off
[    1.867282] sd 0:0:0:0: [sda] Mode Sense: 00 3a 00 00
[    1.867441] sd 0:0:0:0: [sda] Write cache: enabled, read cache: enabled, doesn't support DPO or FUA
[    1.870977] ata5.00: ATAPI: hp      DVD A  DS8A9SH, EH61, max UDMA/100
[    1.871958] ata5.00: configured for UDMA/100
[    1.879977] scsi 4:0:0:0: CD-ROM            hp       DVD A  DS8A9SH   EH61 PQ: 0 ANSI: 5
[    1.893844] sr0: scsi3-mmc drive: 24x/24x writer dvd-ram cd/rw xa/form2 cdda tray
[    1.893851] cdrom: Uniform CD-ROM driver Revision: 3.20
[    1.894192] sr 4:0:0:0: Attached scsi CD-ROM sr0
[    1.894460] sr 4:0:0:0: Attached scsi generic sg1 type 5
[    1.916451]  sda: sda1 sda2 sda3 < sda5 sda6 > sda4
[    1.917766] sd 0:0:0:0: [sda] Attached SCSI disk
[    1.943018] usb 2-1: new high-speed USB device number 2 using ehci-pci
[    2.035038] tsc: Refined TSC clocksource calibration: 2494.333 MHz
[    2.075508] usb 2-1: New USB device found, idVendor=8087, idProduct=0024
[    2.075515] usb 2-1: New USB device strings: Mfr=0, Product=0, SerialNumber=0
[    2.075940] hub 2-1:1.0: USB hub found
[    2.076091] hub 2-1:1.0: 6 ports detected
[    2.327540] psmouse serio1: synaptics: Touchpad model: 1, fw: 7.5, id: 0x1e0b1, caps: 0xf00173/0x240000/0xa2400, board id: 2068, fw id: 1028260
[    2.347542] usb 2-1.5: new high-speed USB device number 3 using ehci-pci
[    2.365534] input: SynPS/2 Synaptics TouchPad as /devices/platform/i8042/serio1/input/input5
[    2.517230] usb 2-1.5: New USB device found, idVendor=064e, idProduct=e263
[    2.517237] usb 2-1.5: New USB device strings: Mfr=3, Product=1, SerialNumber=2
[    2.517241] usb 2-1.5: Product: HP TrueVision HD
[    2.517243] usb 2-1.5: Manufacturer: SuYin
[    2.517246] usb 2-1.5: SerialNumber: HF1016-T821-SE01-VH-R01.00.05
[    2.802096] random: nonblocking pool is initialized
[    2.819073] EXT4-fs (sda6): mounted filesystem with ordered data mode. Opts: (null)
[    3.036322] Switched to clocksource tsc
[    4.331642] init: plymouth-upstart-bridge main process (193) terminated with status 1
[    4.331665] init: plymouth-upstart-bridge main process ended, respawning
[    4.335209] init: plymouth-upstart-bridge main process (205) terminated with status 1
[    4.335235] init: plymouth-upstart-bridge main process ended, respawning
[    4.338070] init: plymouth-upstart-bridge main process (207) terminated with status 1
[    4.338088] init: plymouth-upstart-bridge main process ended, respawning
[    4.341465] init: plymouth-upstart-bridge main process (208) terminated with status 1
[    4.341494] init: plymouth-upstart-bridge main process ended, respawning
[    4.344542] init: plymouth-upstart-bridge main process (210) terminated with status 1
[    4.344561] init: plymouth-upstart-bridge main process ended, respawning
[    4.347959] init: plymouth-upstart-bridge main process (211) terminated with status 1
[    4.347986] init: plymouth-upstart-bridge main process ended, respawning
[   12.345535] Adding 13631484k swap on /dev/sda5.  Priority:-1 extents:1 across:13631484k FS
[   12.455024] IPv6: ADDRCONF(NETDEV_UP): eth0: link is not ready
[   12.538882] systemd-udevd[314]: starting version 204
[   12.684198] Initializing HPQ6001 module
[   12.684268] input: HP Wireless hotkeys as /devices/virtual/input/input6
[   12.684370] hp_accel: laptop model unknown, using default axes configuration
[   12.695566] lis3lv02d: 8 bits 3DC sensor found
[   12.698648] wmi: Mapper loaded
[   12.706832] mei_me 0000:00:16.0: irq 44 for MSI/MSI-X
[   12.708082] [drm] Initialized drm 1.1.0 20060810
[   12.721276] [drm] Memory usable by graphics device = 2048M
[   12.721280] checking generic (40000000 410000) vs hw (40000000 10000000)
[   12.721281] fb: conflicting fb hw usage inteldrmfb vs VESA VGA - removing generic driver
[   12.721296] Console: switching to colour dummy device 80x25
[   12.721699] cfg80211: Calling CRDA to update world regulatory domain
[   12.739305] input: ST LIS3LV02DL Accelerometer as /devices/platform/lis3lv02d/input/input7
[   12.745087] ieee80211 phy0: rt2x00_set_rt: Info - RT chipset 3290, rev 0015 detected
[   12.753496] ieee80211 phy0: rt2x00_set_rf: Info - RF chipset 3290 detected
[   12.767297] i915 0000:00:02.0: irq 45 for MSI/MSI-X
[   12.767311] [drm] Supports vblank timestamp caching Rev 2 (21.10.2013).
[   12.767313] [drm] Driver supports precise vblank timestamp query.
[   12.767462] vgaarb: device changed decodes: PCI:0000:00:02.0,olddecodes=io+mem,decodes=io+mem:owns=io+mem
[   12.795820] kvm: disabled by bios
[   12.813096] fbcon: inteldrmfb (fb0) is primary device
[   12.867433] type=1400 audit(1421719590.919:2): apparmor="STATUS" operation="profile_load" profile="unconfined" name="/sbin/dhclient" pid=354 comm="apparmor_parser"
[   12.867437] type=1400 audit(1421719590.919:3): apparmor="STATUS" operation="profile_load" profile="unconfined" name="/usr/lib/NetworkManager/nm-dhcp-client.action" pid=354 comm="apparmor_parser"
[   12.867439] type=1400 audit(1421719590.919:4): apparmor="STATUS" operation="profile_load" profile="unconfined" name="/usr/lib/connman/scripts/dhclient-script" pid=354 comm="apparmor_parser"
[   12.867446] type=1400 audit(1421719590.919:5): apparmor="STATUS" operation="profile_replace" profile="unconfined" name="/sbin/dhclient" pid=399 comm="apparmor_parser"
[   12.867451] type=1400 audit(1421719590.919:6): apparmor="STATUS" operation="profile_replace" profile="unconfined" name="/usr/lib/NetworkManager/nm-dhcp-client.action" pid=399 comm="apparmor_parser"
[   12.867453] type=1400 audit(1421719590.919:7): apparmor="STATUS" operation="profile_replace" profile="unconfined" name="/usr/lib/connman/scripts/dhclient-script" pid=399 comm="apparmor_parser"
[   12.867758] type=1400 audit(1421719590.919:8): apparmor="STATUS" operation="profile_replace" profile="unconfined" name="/usr/lib/NetworkManager/nm-dhcp-client.action" pid=354 comm="apparmor_parser"
[   12.867760] type=1400 audit(1421719590.919:9): apparmor="STATUS" operation="profile_replace" profile="unconfined" name="/usr/lib/connman/scripts/dhclient-script" pid=354 comm="apparmor_parser"
[   12.867772] type=1400 audit(1421719590.919:10): apparmor="STATUS" operation="profile_replace" profile="unconfined" name="/usr/lib/NetworkManager/nm-dhcp-client.action" pid=399 comm="apparmor_parser"
[   12.867775] type=1400 audit(1421719590.919:11): apparmor="STATUS" operation="profile_replace" profile="unconfined" name="/usr/lib/connman/scripts/dhclient-script" pid=399 comm="apparmor_parser"
[   12.904301] ieee80211 phy0: Selected rate control algorithm 'minstrel_ht'
[   12.905197] lp: driver loaded but no devices found
[   12.912313] ppdev: user-space parallel port driver
[   12.966617] intel_rapl: domain uncore energy ctr 5872:5872 not working, skip
[   12.974778] input: HP WMI hotkeys as /devices/virtual/input/input8
[   13.088638] Linux video capture interface: v2.00
[   13.093264] uvcvideo: Found UVC 1.00 device HP TrueVision HD (064e:e263)
[   13.098834] input: HP TrueVision HD as /devices/pci0000:00/0000:00:1d.0/usb2/2-1/2-1.5/2-1.5:1.0/input/input9
[   13.098898] usbcore: registered new interface driver uvcvideo
[   13.098899] USB Video Class driver (1.1.1)
[   13.118601] cfg80211: World regulatory domain updated:
[   13.118602] cfg80211:   (start_freq - end_freq @ bandwidth), (max_antenna_gain, max_eirp)
[   13.118603] cfg80211:   (2402000 KHz - 2472000 KHz @ 40000 KHz), (300 mBi, 2000 mBm)
[   13.118604] cfg80211:   (2457000 KHz - 2482000 KHz @ 40000 KHz), (300 mBi, 2000 mBm)
[   13.118604] cfg80211:   (2474000 KHz - 2494000 KHz @ 20000 KHz), (300 mBi, 2000 mBm)
[   13.118605] cfg80211:   (5170000 KHz - 5250000 KHz @ 40000 KHz), (300 mBi, 2000 mBm)
[   13.118605] cfg80211:   (5735000 KHz - 5835000 KHz @ 40000 KHz), (300 mBi, 2000 mBm)
[   13.564318] Console: switching to colour frame buffer device 170x48
[   13.566303] i915 0000:00:02.0: fb0: inteldrmfb frame buffer device
[   13.566305] i915 0000:00:02.0: registered panic notifier
[   13.581283] ACPI: Video Device [GFX0] (multi-head: yes  rom: no  post: no)
[   13.610191] acpi device:06: registered as cooling_device5
[   13.610281] input: Video Bus as /devices/LNXSYSTM:00/device:00/PNP0A08:00/LNXVIDEO:00/input/input10
[   13.610569] [drm] Initialized i915 1.6.0 20080730 for 0000:00:02.0 on minor 0
[   13.610908] ACPI Warning: 0x0000000000000428-0x000000000000042f SystemIO conflicts with Region \PMIO 1 (20131115/utaddress-251)
[   13.610914] ACPI: If an ACPI driver is available for this device, you should use it instead of the native driver
[   13.610918] ACPI Warning: 0x0000000000000530-0x000000000000053f SystemIO conflicts with Region \GPIO 1 (20131115/utaddress-251)
[   13.610922] ACPI Warning: 0x0000000000000530-0x000000000000053f SystemIO conflicts with Region \_SB_.PCI0.LPCB.GPIO 2 (20131115/utaddress-251)
[   13.610926] ACPI: If an ACPI driver is available for this device, you should use it instead of the native driver
[   13.610927] ACPI Warning: 0x0000000000000500-0x000000000000052f SystemIO conflicts with Region \GPIO 1 (20131115/utaddress-251)
[   13.610930] ACPI Warning: 0x0000000000000500-0x000000000000052f SystemIO conflicts with Region \_SB_.PCI0.LPCB.GPIO 2 (20131115/utaddress-251)
[   13.610933] ACPI: If an ACPI driver is available for this device, you should use it instead of the native driver
[   13.610935] lpc_ich: Resource conflict(s) found affecting gpio_ich
[   13.611181] snd_hda_intel 0000:00:1b.0: irq 46 for MSI/MSI-X
[   13.625768] mute LED gpio 10 polarity 0
[   13.625955] autoconfig: line_outs=1 (0xd/0x0/0x0/0x0/0x0) type:speaker
[   13.625956]    speaker_outs=0 (0x0/0x0/0x0/0x0/0x0)
[   13.625957]    hp_outs=1 (0xb/0x0/0x0/0x0/0x0)
[   13.625958]    mono: mono_out=0x0
[   13.625958]    inputs:
[   13.625960]      Internal Mic=0x11
[   13.625961]      Mic=0xc
[   13.642449] input: HDA Intel PCH HDMI/DP,pcm=3 as /devices/pci0000:00/0000:00:1b.0/sound/card0/input13
[   13.642707] input: HDA Intel PCH Headphone as /devices/pci0000:00/0000:00:1b.0/sound/card0/input12
[   13.642874] input: HDA Intel PCH Mic as /devices/pci0000:00/0000:00:1b.0/sound/card0/input11
[   13.860805] [drm] Enabling RC6 states: RC6 on, RC6p on, RC6pp off
[   14.271478] EXT4-fs (sda6): re-mounted. Opts: errors=remount-ro
[   14.545899] init: failsafe main process (634) killed by TERM signal
[   14.877771] Bluetooth: Core ver 2.17
[   14.877787] NET: Registered protocol family 31
[   14.877789] Bluetooth: HCI device and connection manager initialized
[   14.877796] Bluetooth: HCI socket layer initialized
[   14.877799] Bluetooth: L2CAP socket layer initialized
[   14.877803] Bluetooth: SCO socket layer initialized
[   14.880440] Bluetooth: RFCOMM TTY layer initialized
[   14.880448] Bluetooth: RFCOMM socket layer initialized
[   14.880453] Bluetooth: RFCOMM ver 1.11
[   14.977985] Bluetooth: BNEP (Ethernet Emulation) ver 1.3
[   14.977988] Bluetooth: BNEP filters: protocol multicast
[   14.977995] Bluetooth: BNEP socket layer initialized
[   15.271908] init: cups main process (709) killed by HUP signal
[   15.271916] init: cups main process ended, respawning
[   16.249825] ieee80211 phy0: rt2x00lib_request_firmware: Info - Loading firmware file 'rt3290.bin'
[   16.344786] ieee80211 phy0: rt2x00lib_request_firmware: Info - Firmware detected - version: 0.37
[   16.451747] IPv6: ADDRCONF(NETDEV_UP): wlan0: link is not ready
[   16.452147] IPv6: ADDRCONF(NETDEV_UP): wlan0: link is not ready
[   16.678886] r8169 0000:02:00.0 eth0: link down
[   16.678919] IPv6: ADDRCONF(NETDEV_UP): eth0: link is not ready
[   16.679295] IPv6: ADDRCONF(NETDEV_UP): eth0: link is not ready
[   17.751814] wlan0: authenticate with 6c:b0:ce:79:6f:d2
[   17.757157] wlan0: send auth to 6c:b0:ce:79:6f:d2 (try 1/3)
[   17.758694] wlan0: authenticated
[   17.760993] wlan0: associate with 6c:b0:ce:79:6f:d2 (try 1/3)
[   17.764623] wlan0: RX AssocResp from 6c:b0:ce:79:6f:d2 (capab=0x431 status=0 aid=2)
[   17.764728] wlan0: associated
[   17.764757] IPv6: ADDRCONF(NETDEV_CHANGE): wlan0: link becomes ready
[   18.474575] IPv6: wlan0: IPv6 duplicate address fe80::1e3e:84ff:fe9a:3ab7 detected!
[   19.017713] init: plymouth-upstart-bridge main process ended, respawning
[   19.032723] init: plymouth-upstart-bridge main process ended, respawning
[   29.416745] atkbd serio0: Unknown key pressed (translated set 2, code 0xab on isa0060/serio0).
[   29.416754] atkbd serio0: Use 'setkeycodes e02b <keycode>' to make it known.
[   29.659565] atkbd serio0: Unknown key pressed (translated set 2, code 0xab on isa0060/serio0).
[   29.659574] atkbd serio0: Use 'setkeycodes e02b <keycode>' to make it known.
[   29.786294] atkbd serio0: Unknown key pressed (translated set 2, code 0xab on isa0060/serio0).
[   29.786302] atkbd serio0: Use 'setkeycodes e02b <keycode>' to make it known.
[   29.881082] atkbd serio0: Unknown key pressed (translated set 2, code 0xab on isa0060/serio0).
[   29.881091] atkbd serio0: Use 'setkeycodes e02b <keycode>' to make it known.
[   30.007775] atkbd serio0: Unknown key pressed (translated set 2, code 0xab on isa0060/serio0).
[   30.007779] atkbd serio0: Use 'setkeycodes e02b <keycode>' to make it known.
[   30.102864] atkbd serio0: Unknown key pressed (translated set 2, code 0xab on isa0060/serio0).
[   30.102869] atkbd serio0: Use 'setkeycodes e02b <keycode>' to make it known.
[   30.228902] atkbd serio0: Unknown key pressed (translated set 2, code 0xab on isa0060/serio0).
[   30.228911] atkbd serio0: Use 'setkeycodes e02b <keycode>' to make it known.
[   30.355265] atkbd serio0: Unknown key pressed (translated set 2, code 0xab on isa0060/serio0).
[   30.355273] atkbd serio0: Use 'setkeycodes e02b <keycode>' to make it known.
[   30.451210] atkbd serio0: Unknown key pressed (translated set 2, code 0xab on isa0060/serio0).
[   30.451214] atkbd serio0: Use 'setkeycodes e02b <keycode>' to make it known.
[   30.577021] atkbd serio0: Unknown key pressed (translated set 2, code 0xab on isa0060/serio0).
[   30.577030] atkbd serio0: Use 'setkeycodes e02b <keycode>' to make it known.
[   30.671933] atkbd serio0: Unknown key pressed (translated set 2, code 0xab on isa0060/serio0).
[   30.671942] atkbd serio0: Use 'setkeycodes e02b <keycode>' to make it known.
[   30.738707] atkbd serio0: Unknown key released (translated set 2, code 0xab on isa0060/serio0).
[   30.738716] atkbd serio0: Use 'setkeycodes e02b <keycode>' to make it known.
[   45.016993] audit_printk_skb: 168 callbacks suppressed
[   45.016995] type=1400 audit(1421719623.031:68): apparmor="STATUS" operation="profile_replace" profile="unconfined" name="/usr/lib/cups/backend/cups-pdf" pid=2182 comm="apparmor_parser"
[   45.017000] type=1400 audit(1421719623.031:69): apparmor="STATUS" operation="profile_replace" profile="unconfined" name="/usr/sbin/cupsd" pid=2182 comm="apparmor_parser"
[   45.017301] type=1400 audit(1421719623.031:70): apparmor="STATUS" operation="profile_replace" profile="unconfined" name="/usr/sbin/cupsd" pid=2182 comm="apparmor_parser"
[  924.947257] lkm: module verification failed: signature and/or  required key missing - tainting kernel
[  924.947456] START: initialization 
[  924.947458] major number = 251 ,minor number=0
[  924.947461] cdev major num = 251,minor_num = 0 
[  924.947463] END: initialization 
[  927.537029] START: open_dev 
[  927.537034] device write mode
[  927.537035] START: trim_dev 
[  927.537036] no qset found.
[  927.537037] END: open_dev 
[  927.537076] START: write_dev 
[  927.537080] START: create_scull 
[  927.537082] START: create_scullqset 
[  927.537085] no of scullqset created=1
[  927.537088] END: create_scullqset 
[  927.537090] START: create_qset 
[  927.537093] END: create_qset 
[  927.537095] number of qset made = 1
[  927.537097] START: create_quantums 
[  927.537100] noq=1
[  927.537103]  qunatum made = 1
[  927.537106] END: create_quantums 
[  927.537108] number of qunatum made = 1
[  927.537111] END: create_scull 
[  927.537113] data to port =  
[  927.537117] END: write_dev 
[  927.537123] START: write_dev 
[  927.537125] START: create_scull 
[  927.537127] START: create_scullqset 
[  927.537129] no of scullqset created=1
[  927.537131] END: create_scullqset 
[  927.537133] START: create_qset 
[  927.537136] END: create_qset 
[  927.537138] number of qset made = 1
[  927.537140] START: create_quantums 
[  927.537142] noq=1
[  927.537144]  qunatum made = 1
[  927.537146] END: create_quantums 
[  927.537148] number of qunatum made = 1
[  927.537150] END: create_scull 
[  927.537152] data to port =  \x01 
[  927.537156] END: write_dev 
[  927.537161] START: write_dev 
[  927.537163] START: create_scull 
[  927.537166] START: create_scullqset 
[  927.537169] no of scullqset created=1
[  927.537171] END: create_scullqset 
[  927.537173] START: create_qset 
[  927.537176] END: create_qset 
[  927.537179] number of qset made = 1
[  927.537181] START: create_quantums 
[  927.537183] noq=1
[  927.537185]  qunatum made = 1
[  927.537187] END: create_quantums 
[  927.537189] number of qunatum made = 1
[  927.537192] END: create_scull 
[  927.537194] data to port =  \x02 
[  927.537199] END: write_dev 
[  927.537203] START: write_dev 
[  927.537206] START: create_scull 
[  927.537208] START: create_scullqset 
[  927.537210] no of scullqset created=1
[  927.537212] END: create_scullqset 
[  927.537215] START: create_qset 
[  927.537217] END: create_qset 
[  927.537219] number of qset made = 1
[  927.537221] START: create_quantums 
[  927.537223] noq=1
[  927.537225]  qunatum made = 1
[  927.537228] END: create_quantums 
[  927.537230] number of qunatum made = 1
[  927.537232] END: create_scull 
[  927.537235] data to port =  \x03 
[  927.537239] END: write_dev 
[  927.537243] START: write_dev 
[  927.537245] START: create_scull 
[  927.537248] START: create_scullqset 
[  927.537251] no of scullqset created=1
[  927.537253] END: create_scullqset 
[  927.537255] START: create_qset 
[  927.537257] END: create_qset 
[  927.537259] number of qset made = 1
[  927.537261] START: create_quantums 
[  927.537264] noq=1
[  927.537266]  qunatum made = 1
[  927.537268] END: create_quantums 
[  927.537270] number of qunatum made = 1
[  927.537272] END: create_scull 
[  927.537274] data to port =  \x04 
[  927.537278] END: write_dev 
[  927.537283] START: write_dev 
[  927.537285] START: create_scull 
[  927.537287] START: create_scullqset 
[  927.537289] no of scullqset created=1
[  927.537292] END: create_scullqset 
[  927.537294] START: create_qset 
[  927.537297] END: create_qset 
[  927.537300] number of qset made = 1
[  927.537302] START: create_quantums 
[  927.537305] noq=1
[  927.537307]  qunatum made = 1
[  927.537309] END: create_quantums 
[  927.537312] number of qunatum made = 1
[  927.537314] END: create_scull 
[  927.537316] data to port =  \x05 
[  927.537320] END: write_dev 
[  927.537324] START: write_dev 
[  927.537326] START: create_scull 
[  927.537328] START: create_scullqset 
[  927.537330] no of scullqset created=1
[  927.537332] END: create_scullqset 
[  927.537335] START: create_qset 
[  927.537338] END: create_qset 
[  927.537340] number of qset made = 1
[  927.537343] START: create_quantums 
[  927.537345] noq=1
[  927.537348]  qunatum made = 1
[  927.537350] END: create_quantums 
[  927.537353] number of qunatum made = 1
[  927.537355] END: create_scull 
[  927.537358] data to port =  \x06 
[  927.537362] END: write_dev 
[  927.537367] START: write_dev 
[  927.537370] START: create_scull 
[  927.537372] START: create_scullqset 
[  927.537374] no of scullqset created=1
[  927.537377] END: create_scullqset 
[  927.537378] START: create_qset 
[  927.537381] END: create_qset 
[  927.537382] number of qset made = 1
[  927.537384] START: create_quantums 
[  927.537385] noq=1
[  927.537387]  qunatum made = 1
[  927.537388] END: create_quantums 
[  927.537390] number of qunatum made = 1
[  927.537392] END: create_scull 
[  927.537393] data to port =  \x07 
[  927.537396] END: write_dev 
[  927.537400] START: write_dev 
[  927.537402] START: create_scull 
[  927.537403] START: create_scullqset 
[  927.537405] no of scullqset created=1
[  927.537407] END: create_scullqset 
[  927.537408] START: create_qset 
[  927.537410] END: create_qset 
[  927.537412] number of qset made = 1
[  927.537413] START: create_quantums 
[  927.537415] noq=1
[  927.537416]  qunatum made = 1
[  927.537418] END: create_quantums 
[  927.537420] number of qunatum made = 1
[  927.537421] END: create_scull 
[  927.537423] data to port =  \x08 
[  927.537426] END: write_dev 
[  927.537428] START: write_dev 
[  927.537430] START: create_scull 
[  927.537431] START: create_scullqset 
[  927.537433] no of scullqset created=1
[  927.537449] END: create_scullqset 
[  927.537450] START: create_qset 
[  927.537451] END: create_qset 
[  927.537452] number of qset made = 1
[  927.537453] START: create_quantums 
[  927.537454] noq=1
[  927.537455]  qunatum made = 1
[  927.537457] END: create_quantums 
[  927.537458] number of qunatum made = 1
[  927.537459] END: create_scull 
[  927.537459] data to port =  	 
[  927.537462] END: write_dev 
[  927.537464] START: write_dev 
[  927.537465] START: create_scull 
[  927.537466] START: create_scullqset 
[  927.537467] no of scullqset created=1
[  927.537468] END: create_scullqset 
[  927.537469] START: create_qset 
[  927.537470] END: create_qset 
[  927.537471] number of qset made = 1
[  927.537472] START: create_quantums 
[  927.537472] noq=1
[  927.537473]  qunatum made = 1
[  927.537474] END: create_quantums 
[  927.537475] number of qunatum made = 1
[  927.537476] END: create_scull 
[  927.537477] data to port =  
[  927.537477]  
[  927.537480] END: write_dev 
[  927.537481] START: write_dev 
[  927.537482] START: create_scull 
[  927.537483] START: create_scullqset 
[  927.537484] no of scullqset created=1
[  927.537485] END: create_scullqset 
[  927.537486] START: create_qset 
[  927.537502] END: create_qset 
[  927.537504] number of qset made = 1
[  927.537506] START: create_quantums 
[  927.537508] noq=1
[  927.537510]  qunatum made = 1
[  927.537513] END: create_quantums 
[  927.537515] number of qunatum made = 1
[  927.537518] END: create_scull 
[  927.537520] data to port =   
[  927.537524] END: write_dev 
[  927.537528] START: write_dev 
[  927.537530] START: create_scull 
[  927.537532] START: create_scullqset 
[  927.537535] no of scullqset created=1
[  927.537537] END: create_scullqset 
[  927.537539] START: create_qset 
[  927.537542] END: create_qset 
[  927.537544] number of qset made = 1
[  927.537546] START: create_quantums 
[  927.537548] noq=1
[  927.537551]  qunatum made = 1
[  927.537553] END: create_quantums 
[  927.537555] number of qunatum made = 1
[  927.537557] END: create_scull 
[  927.537560] data to port =   
[  927.537564] END: write_dev 
[  927.537568] START: write_dev 
[  927.537570] START: create_scull 
[  927.537572] START: create_scullqset 
[  927.537575] no of scullqset created=1
[  927.537577] END: create_scullqset 
[  927.537579] START: create_qset 
[  927.537581] END: create_qset 
[  927.537583] number of qset made = 1
[  927.537585] START: create_quantums 
[  927.537587] noq=1
[  927.537590]  qunatum made = 1
[  927.537592] END: create_quantums 
[  927.537594] number of qunatum made = 1
[  927.537596] END: create_scull 
[  927.537599] data to port =   
[  927.537603] END: write_dev 
[  927.537607] START: write_dev 
[  927.537610] START: create_scull 
[  927.537612] START: create_scullqset 
[  927.537615] no of scullqset created=1
[  927.537617] END: create_scullqset 
[  927.537619] START: create_qset 
[  927.537622] END: create_qset 
[  927.537624] number of qset made = 1
[  927.537626] START: create_quantums 
[  927.537628] noq=1
[  927.537630]  qunatum made = 1
[  927.537633] END: create_quantums 
[  927.537635] number of qunatum made = 1
[  927.537637] END: create_scull 
[  927.537640] data to port =  \x0e 
[  927.537644] END: write_dev 
[  927.537648] START: write_dev 
[  927.537651] START: create_scull 
[  927.537653] START: create_scullqset 
[  927.537656] no of scullqset created=1
[  927.537659] END: create_scullqset 
[  927.537661] START: create_qset 
[  927.537664] END: create_qset 
[  927.537666] number of qset made = 1
[  927.537669] START: create_quantums 
[  927.537671] noq=1
[  927.537673]  qunatum made = 1
[  927.537676] END: create_quantums 
[  927.537678] number of qunatum made = 1
[  927.537681] END: create_scull 
[  927.537683] data to port =  \x0f 
[  927.537687] END: write_dev 
[  927.537692] START: write_dev 
[  927.537695] START: create_scull 
[  927.537697] START: create_scullqset 
[  927.537699] no of scullqset created=1
[  927.537702] END: create_scullqset 
[  927.537704] START: create_qset 
[  927.537708] END: create_qset 
[  927.537710] number of qset made = 1
[  927.537713] START: create_quantums 
[  927.537715] noq=1
[  927.537717]  qunatum made = 1
[  927.537719] END: create_quantums 
[  927.537721] number of qunatum made = 1
[  927.537723] END: create_scull 
[  927.537725] data to port =  \x10 
[  927.537728] END: write_dev 
[  927.537732] START: write_dev 
[  927.537734] START: create_scull 
[  927.537736] START: create_scullqset 
[  927.537738] no of scullqset created=1
[  927.537740] END: create_scullqset 
[  927.537742] START: create_qset 
[  927.537744] END: create_qset 
[  927.537746] number of qset made = 1
[  927.537749] START: create_quantums 
[  927.537752] noq=1
[  927.537754]  qunatum made = 1
[  927.537756] END: create_quantums 
[  927.537758] number of qunatum made = 1
[  927.537760] END: create_scull 
[  927.537763] data to port =  \x11 
[  927.537767] END: write_dev 
[  927.537771] START: write_dev 
[  927.537774] START: create_scull 
[  927.537776] START: create_scullqset 
[  927.537779] no of scullqset created=1
[  927.537781] END: create_scullqset 
[  927.537783] START: create_qset 
[  927.537786] END: create_qset 
[  927.537788] number of qset made = 1
[  927.537790] START: create_quantums 
[  927.537792] noq=1
[  927.537795]  qunatum made = 1
[  927.537797] END: create_quantums 
[  927.537800] number of qunatum made = 1
[  927.537803] END: create_scull 
[  927.537805] data to port =  \x12 
[  927.537809] END: write_dev 
[  927.537813] START: write_dev 
[  927.537816] START: create_scull 
[  927.537818] START: create_scullqset 
[  927.537821] no of scullqset created=1
[  927.537823] END: create_scullqset 
[  927.537825] START: create_qset 
[  927.537828] END: create_qset 
[  927.537831] number of qset made = 1
[  927.537833] START: create_quantums 
[  927.537835] noq=1
[  927.537838]  qunatum made = 1
[  927.537840] END: create_quantums 
[  927.537842] number of qunatum made = 1
[  927.537844] END: create_scull 
[  927.537846] data to port =  \x13 
[  927.537850] END: write_dev 
[  927.537855] START: write_dev 
[  927.537858] START: create_scull 
[  927.537860] START: create_scullqset 
[  927.537863] no of scullqset created=1
[  927.537865] END: create_scullqset 
[  927.537867] START: create_qset 
[  927.537869] END: create_qset 
[  927.537872] number of qset made = 1
[  927.537874] START: create_quantums 
[  927.537876] noq=1
[  927.537879]  qunatum made = 1
[  927.537881] END: create_quantums 
[  927.537883] number of qunatum made = 1
[  927.537886] END: create_scull 
[  927.537888] data to port =  \x14 
[  927.537892] END: write_dev 
[  927.537896] START: write_dev 
[  927.537898] START: create_scull 
[  927.537900] START: create_scullqset 
[  927.537903] no of scullqset created=1
[  927.537905] END: create_scullqset 
[  927.537907] START: create_qset 
[  927.537910] END: create_qset 
[  927.537913] number of qset made = 1
[  927.537915] START: create_quantums 
[  927.537917] noq=1
[  927.537920]  qunatum made = 1
[  927.537922] END: create_quantums 
[  927.537925] number of qunatum made = 1
[  927.537927] END: create_scull 
[  927.537929] data to port =  \x15 
[  927.537934] END: write_dev 
[  927.537938] START: write_dev 
[  927.537940] START: create_scull 
[  927.537943] START: create_scullqset 
[  927.537945] no of scullqset created=1
[  927.537948] END: create_scullqset 
[  927.537950] START: create_qset 
[  927.537953] END: create_qset 
[  927.537955] number of qset made = 1
[  927.537958] START: create_quantums 
[  927.537960] noq=1
[  927.537963]  qunatum made = 1
[  927.537965] END: create_quantums 
[  927.537968] number of qunatum made = 1
[  927.537971] END: create_scull 
[  927.537973] data to port =  \x16 
[  927.537977] END: write_dev 
[  927.537982] START: write_dev 
[  927.537985] START: create_scull 
[  927.537987] START: create_scullqset 
[  927.537990] no of scullqset created=1
[  927.537992] END: create_scullqset 
[  927.537993] START: create_qset 
[  927.537995] END: create_qset 
[  927.537996] number of qset made = 1
[  927.537998] START: create_quantums 
[  927.537999] noq=1
[  927.538001]  qunatum made = 1
[  927.538003] END: create_quantums 
[  927.538004] number of qunatum made = 1
[  927.538006] END: create_scull 
[  927.538007] data to port =  \x17 
[  927.538010] END: write_dev 
[  927.538014] START: write_dev 
[  927.538015] START: create_scull 
[  927.538017] START: create_scullqset 
[  927.538018] no of scullqset created=1
[  927.538020] END: create_scullqset 
[  927.538021] START: create_qset 
[  927.538023] END: create_qset 
[  927.538025] number of qset made = 1
[  927.538026] START: create_quantums 
[  927.538028] noq=1
[  927.538029]  qunatum made = 1
[  927.538046] END: create_quantums 
[  927.538046] number of qunatum made = 1
[  927.538047] END: create_scull 
[  927.538048] data to port =  \x18 
[  927.538050] END: write_dev 
[  927.538051] START: write_dev 
[  927.538052] START: create_scull 
[  927.538052] START: create_scullqset 
[  927.538053] no of scullqset created=1
[  927.538054] END: create_scullqset 
[  927.538054] START: create_qset 
[  927.538055] END: create_qset 
[  927.538056] number of qset made = 1
[  927.538056] START: create_quantums 
[  927.538057] noq=1
[  927.538058]  qunatum made = 1
[  927.538058] END: create_quantums 
[  927.538059] number of qunatum made = 1
[  927.538060] END: create_scull 
[  927.538060] data to port =  \x19 
[  927.538063] END: write_dev 
[  927.538064] START: write_dev 
[  927.538064] START: create_scull 
[  927.538065] START: create_scullqset 
[  927.538066] no of scullqset created=1
[  927.538066] END: create_scullqset 
[  927.538067] START: create_qset 
[  927.538068] END: create_qset 
[  927.538068] number of qset made = 1
[  927.538069] START: create_quantums 
[  927.538070] noq=1
[  927.538071]  qunatum made = 1
[  927.538072] END: create_quantums 
[  927.538073] number of qunatum made = 1
[  927.538073] END: create_scull 
[  927.538074] data to port =  \x1a 
[  927.538077] END: write_dev 
[  927.538079] START: write_dev 
[  927.538080] START: create_scull 
[  927.538081] START: create_scullqset 
[  927.538082] no of scullqset created=1
[  927.538083] END: create_scullqset 
[  927.538085] START: create_qset 
[  927.538086] END: create_qset 
[  927.538087] number of qset made = 1
[  927.538088] START: create_quantums 
[  927.538089] noq=1
[  927.538090]  qunatum made = 1
[  927.538090] END: create_quantums 
[  927.538091] number of qunatum made = 1
[  927.538092] END: create_scull 
[  927.538093] data to port =  \x1b 
[  927.538095] END: write_dev 
[  927.538097] START: write_dev 
[  927.538098] START: create_scull 
[  927.538098] START: create_scullqset 
[  927.538099] no of scullqset created=1
[  927.538100] END: create_scullqset 
[  927.538101] START: create_qset 
[  927.538102] END: create_qset 
[  927.538103] number of qset made = 1
[  927.538104] START: create_quantums 
[  927.538105] noq=1
[  927.538106]  qunatum made = 1
[  927.538107] END: create_quantums 
[  927.538108] number of qunatum made = 1
[  927.538108] END: create_scull 
[  927.538109] data to port =  \x1c 
[  927.538112] END: write_dev 
[  927.538113] START: write_dev 
[  927.538114] START: create_scull 
[  927.538115] START: create_scullqset 
[  927.538116] no of scullqset created=1
[  927.538117] END: create_scullqset 
[  927.538132] START: create_qset 
[  927.538135] END: create_qset 
[  927.538137] number of qset made = 1
[  927.538139] START: create_quantums 
[  927.538142] noq=1
[  927.538145]  qunatum made = 1
[  927.538147] END: create_quantums 
[  927.538150] number of qunatum made = 1
[  927.538152] END: create_scull 
[  927.538154] data to port =  \x1d 
[  927.538158] END: write_dev 
[  927.538162] START: write_dev 
[  927.538163] START: create_scull 
[  927.538165] START: create_scullqset 
[  927.538166] no of scullqset created=1
[  927.538168] END: create_scullqset 
[  927.538170] START: create_qset 
[  927.538171] END: create_qset 
[  927.538173] number of qset made = 1
[  927.538174] START: create_quantums 
[  927.538176] noq=1
[  927.538177]  qunatum made = 1
[  927.538179] END: create_quantums 
[  927.538181] number of qunatum made = 1
[  927.538182] END: create_scull 
[  927.538184] data to port =  \x1e 
[  927.538187] END: write_dev 
[  927.538189] START: write_dev 
[  927.538191] START: create_scull 
[  927.538193] START: create_scullqset 
[  927.538194] no of scullqset created=1
[  927.538196] END: create_scullqset 
[  927.538197] START: create_qset 
[  927.538199] END: create_qset 
[  927.538201] number of qset made = 1
[  927.538202] START: create_quantums 
[  927.538204] noq=1
[  927.538205]  qunatum made = 1
[  927.538207] END: create_quantums 
[  927.538209] number of qunatum made = 1
[  927.538210] END: create_scull 
[  927.538212] data to port =  \x1f 
[  927.538215] END: write_dev 
[  927.538217] START: write_dev 
[  927.538219] START: create_scull 
[  927.538220] START: create_scullqset 
[  927.538222] no of scullqset created=1
[  927.538224] END: create_scullqset 
[  927.538225] START: create_qset 
[  927.538227] END: create_qset 
[  927.538228] number of qset made = 1
[  927.538230] START: create_quantums 
[  927.538231] noq=1
[  927.538233]  qunatum made = 1
[  927.538235] END: create_quantums 
[  927.538236] number of qunatum made = 1
[  927.538238] END: create_scull 
[  927.538239] data to port =    
[  927.538243] END: write_dev 
[  927.538245] START: write_dev 
[  927.538246] START: create_scull 
[  927.538248] START: create_scullqset 
[  927.538250] no of scullqset created=1
[  927.538251] END: create_scullqset 
[  927.538253] START: create_qset 
[  927.538255] END: create_qset 
[  927.538256] number of qset made = 1
[  927.538258] START: create_quantums 
[  927.538260] noq=1
[  927.538261]  qunatum made = 1
[  927.538263] END: create_quantums 
[  927.538264] number of qunatum made = 1
[  927.538266] END: create_scull 
[  927.538268] data to port =  ! 
[  927.538271] END: write_dev 
[  927.538273] START: write_dev 
[  927.538275] START: create_scull 
[  927.538277] START: create_scullqset 
[  927.538278] no of scullqset created=1
[  927.538280] END: create_scullqset 
[  927.538281] START: create_qset 
[  927.538283] END: create_qset 
[  927.538285] number of qset made = 1
[  927.538286] START: create_quantums 
[  927.538288] noq=1
[  927.538289]  qunatum made = 1
[  927.538291] END: create_quantums 
[  927.538292] number of qunatum made = 1
[  927.538294] END: create_scull 
[  927.538296] data to port =  " 
[  927.538299] END: write_dev 
[  927.538301] START: write_dev 
[  927.538303] START: create_scull 
[  927.538304] START: create_scullqset 
[  927.538306] no of scullqset created=1
[  927.538307] END: create_scullqset 
[  927.538309] START: create_qset 
[  927.538311] END: create_qset 
[  927.538312] number of qset made = 1
[  927.538314] START: create_quantums 
[  927.538315] noq=1
[  927.538317]  qunatum made = 1
[  927.538318] END: create_quantums 
[  927.538320] number of qunatum made = 1
[  927.538322] END: create_scull 
[  927.538323] data to port =  # 
[  927.538326] END: write_dev 
[  927.538329] START: write_dev 
[  927.538330] START: create_scull 
[  927.538332] START: create_scullqset 
[  927.538333] no of scullqset created=1
[  927.538335] END: create_scullqset 
[  927.538337] START: create_qset 
[  927.538338] END: create_qset 
[  927.538340] number of qset made = 1
[  927.538341] START: create_quantums 
[  927.538343] noq=1
[  927.538345]  qunatum made = 1
[  927.538346] END: create_quantums 
[  927.538348] number of qunatum made = 1
[  927.538349] END: create_scull 
[  927.538351] data to port =  $ 
[  927.538354] END: write_dev 
[  927.538356] START: write_dev 
[  927.538358] START: create_scull 
[  927.538359] START: create_scullqset 
[  927.538361] no of scullqset created=1
[  927.538363] END: create_scullqset 
[  927.538364] START: create_qset 
[  927.538366] END: create_qset 
[  927.538367] number of qset made = 1
[  927.538369] START: create_quantums 
[  927.538371] noq=1
[  927.538372]  qunatum made = 1
[  927.538374] END: create_quantums 
[  927.538375] number of qunatum made = 1
[  927.538377] END: create_scull 
[  927.538378] data to port =  % 
[  927.538382] END: write_dev 
[  927.538384] START: write_dev 
[  927.538386] START: create_scull 
[  927.538387] START: create_scullqset 
[  927.538389] no of scullqset created=1
[  927.538390] END: create_scullqset 
[  927.538392] START: create_qset 
[  927.538393] END: create_qset 
[  927.538395] number of qset made = 1
[  927.538397] START: create_quantums 
[  927.538398] noq=1
[  927.538400]  qunatum made = 1
[  927.538401] END: create_quantums 
[  927.538403] number of qunatum made = 1
[  927.538404] END: create_scull 
[  927.538406] data to port =  & 
[  927.538409] END: write_dev 
[  927.538412] START: write_dev 
[  927.538413] START: create_scull 
[  927.538415] START: create_scullqset 
[  927.538416] no of scullqset created=1
[  927.538418] END: create_scullqset 
[  927.538420] START: create_qset 
[  927.538421] END: create_qset 
[  927.538423] number of qset made = 1
[  927.538424] START: create_quantums 
[  927.538426] noq=1
[  927.538428]  qunatum made = 1
[  927.538429] END: create_quantums 
[  927.538431] number of qunatum made = 1
[  927.538432] END: create_scull 
[  927.538434] data to port =  ' 
[  927.538437] END: write_dev 
[  927.538439] START: write_dev 
[  927.538440] START: create_scull 
[  927.538442] START: create_scullqset 
[  927.538444] no of scullqset created=1
[  927.538445] END: create_scullqset 
[  927.538447] START: create_qset 
[  927.538448] END: create_qset 
[  927.538450] number of qset made = 1
[  927.538452] START: create_quantums 
[  927.538453] noq=1
[  927.538455]  qunatum made = 1
[  927.538456] END: create_quantums 
[  927.538458] number of qunatum made = 1
[  927.538459] END: create_scull 
[  927.538461] data to port =  ( 
[  927.538464] END: write_dev 
[  927.538466] START: write_dev 
[  927.538468] START: create_scull 
[  927.538470] START: create_scullqset 
[  927.538471] no of scullqset created=1
[  927.538473] END: create_scullqset 
[  927.538474] START: create_qset 
[  927.538477] END: create_qset 
[  927.538478] number of qset made = 1
[  927.538480] START: create_quantums 
[  927.538481] noq=1
[  927.538483]  qunatum made = 1
[  927.538484] END: create_quantums 
[  927.538486] number of qunatum made = 1
[  927.538488] END: create_scull 
[  927.538489] data to port =  ) 
[  927.538492] END: write_dev 
[  927.538494] START: write_dev 
[  927.538496] START: create_scull 
[  927.538497] START: create_scullqset 
[  927.538499] no of scullqset created=1
[  927.538501] END: create_scullqset 
[  927.538502] START: create_qset 
[  927.538504] END: create_qset 
[  927.538505] number of qset made = 1
[  927.538507] START: create_quantums 
[  927.538509] noq=1
[  927.538510]  qunatum made = 1
[  927.538512] END: create_quantums 
[  927.538513] number of qunatum made = 1
[  927.538515] END: create_scull 
[  927.538517] data to port =  * 
[  927.538520] END: write_dev 
[  927.538522] START: write_dev 
[  927.538524] START: create_scull 
[  927.538525] START: create_scullqset 
[  927.538527] no of scullqset created=1
[  927.538528] END: create_scullqset 
[  927.538530] START: create_qset 
[  927.538532] END: create_qset 
[  927.538533] number of qset made = 1
[  927.538535] START: create_quantums 
[  927.538536] noq=1
[  927.538538]  qunatum made = 1
[  927.538539] END: create_quantums 
[  927.538541] number of qunatum made = 1
[  927.538543] END: create_scull 
[  927.538544] data to port =  + 
[  927.538547] END: write_dev 
[  927.538550] START: write_dev 
[  927.538551] START: create_scull 
[  927.538553] START: create_scullqset 
[  927.538555] no of scullqset created=1
[  927.538556] END: create_scullqset 
[  927.538558] START: create_qset 
[  927.538559] END: create_qset 
[  927.538561] number of qset made = 1
[  927.538562] START: create_quantums 
[  927.538564] noq=1
[  927.538566]  qunatum made = 1
[  927.538567] END: create_quantums 
[  927.538569] number of qunatum made = 1
[  927.538570] END: create_scull 
[  927.538572] data to port =  , 
[  927.538575] END: write_dev 
[  927.538577] START: write_dev 
[  927.538579] START: create_scull 
[  927.538581] START: create_scullqset 
[  927.538582] no of scullqset created=1
[  927.538584] END: create_scullqset 
[  927.538585] START: create_qset 
[  927.538587] END: create_qset 
[  927.538589] number of qset made = 1
[  927.538590] START: create_quantums 
[  927.538592] noq=1
[  927.538593]  qunatum made = 1
[  927.538595] END: create_quantums 
[  927.538597] number of qunatum made = 1
[  927.538598] END: create_scull 
[  927.538600] data to port =  - 
[  927.538603] END: write_dev 
[  927.538605] START: write_dev 
[  927.538607] START: create_scull 
[  927.538608] START: create_scullqset 
[  927.538610] no of scullqset created=1
[  927.538612] END: create_scullqset 
[  927.538613] START: create_qset 
[  927.538615] END: create_qset 
[  927.538616] number of qset made = 1
[  927.538618] START: create_quantums 
[  927.538619] noq=1
[  927.538621]  qunatum made = 1
[  927.538623] END: create_quantums 
[  927.538624] number of qunatum made = 1
[  927.538626] END: create_scull 
[  927.538627] data to port =  . 
[  927.538631] END: write_dev 
[  927.538633] START: write_dev 
[  927.538634] START: create_scull 
[  927.538636] START: create_scullqset 
[  927.538638] no of scullqset created=1
[  927.538639] END: create_scullqset 
[  927.538641] START: create_qset 
[  927.538642] END: create_qset 
[  927.538644] number of qset made = 1
[  927.538646] START: create_quantums 
[  927.538647] noq=1
[  927.538649]  qunatum made = 1
[  927.538650] END: create_quantums 
[  927.538652] number of qunatum made = 1
[  927.538654] END: create_scull 
[  927.538655] data to port =  / 
[  927.538658] END: write_dev 
[  927.538661] START: write_dev 
[  927.538662] START: create_scull 
[  927.538664] START: create_scullqset 
[  927.538665] no of scullqset created=1
[  927.538667] END: create_scullqset 
[  927.538669] START: create_qset 
[  927.538670] END: create_qset 
[  927.538672] number of qset made = 1
[  927.538673] START: create_quantums 
[  927.538675] noq=1
[  927.538677]  qunatum made = 1
[  927.538678] END: create_quantums 
[  927.538680] number of qunatum made = 1
[  927.538681] END: create_scull 
[  927.538683] data to port =  0 
[  927.538686] END: write_dev 
[  927.538688] START: write_dev 
[  927.538690] START: create_scull 
[  927.538691] START: create_scullqset 
[  927.538693] no of scullqset created=1
[  927.538694] END: create_scullqset 
[  927.538696] START: create_qset 
[  927.538697] END: create_qset 
[  927.538699] number of qset made = 1
[  927.538701] START: create_quantums 
[  927.538702] noq=1
[  927.538704]  qunatum made = 1
[  927.538705] END: create_quantums 
[  927.538707] number of qunatum made = 1
[  927.538709] END: create_scull 
[  927.538710] data to port =  1 
[  927.538713] END: write_dev 
[  927.538716] START: write_dev 
[  927.538717] START: create_scull 
[  927.538719] START: create_scullqset 
[  927.538720] no of scullqset created=1
[  927.538722] END: create_scullqset 
[  927.538723] START: create_qset 
[  927.538725] END: create_qset 
[  927.538727] number of qset made = 1
[  927.538728] START: create_quantums 
[  927.538730] noq=1
[  927.538731]  qunatum made = 1
[  927.538733] END: create_quantums 
[  927.538735] number of qunatum made = 1
[  927.538736] END: create_scull 
[  927.538738] data to port =  2 
[  927.538741] END: write_dev 
[  927.538743] START: write_dev 
[  927.538745] START: create_scull 
[  927.538746] START: create_scullqset 
[  927.538748] no of scullqset created=1
[  927.538750] END: create_scullqset 
[  927.538751] START: create_qset 
[  927.538753] END: create_qset 
[  927.538754] number of qset made = 1
[  927.538756] START: create_quantums 
[  927.538757] noq=1
[  927.538759]  qunatum made = 1
[  927.538761] END: create_quantums 
[  927.538762] number of qunatum made = 1
[  927.538764] END: create_scull 
[  927.538765] data to port =  3 
[  927.538769] END: write_dev 
[  927.538771] START: write_dev 
[  927.538773] START: create_scull 
[  927.538774] START: create_scullqset 
[  927.538776] no of scullqset created=1
[  927.538777] END: create_scullqset 
[  927.538779] START: create_qset 
[  927.538781] END: create_qset 
[  927.538782] number of qset made = 1
[  927.538784] START: create_quantums 
[  927.538785] noq=1
[  927.538787]  qunatum made = 1
[  927.538789] END: create_quantums 
[  927.538790] number of qunatum made = 1
[  927.538792] END: create_scull 
[  927.538793] data to port =  4 
[  927.538797] END: write_dev 
[  927.538799] START: write_dev 
[  927.538800] START: create_scull 
[  927.538802] START: create_scullqset 
[  927.538804] no of scullqset created=1
[  927.538805] END: create_scullqset 
[  927.538807] START: create_qset 
[  927.538808] END: create_qset 
[  927.538810] number of qset made = 1
[  927.538812] START: create_quantums 
[  927.538813] noq=1
[  927.538815]  qunatum made = 1
[  927.538816] END: create_quantums 
[  927.538818] number of qunatum made = 1
[  927.538819] END: create_scull 
[  927.538821] data to port =  5 
[  927.538824] END: write_dev 
[  927.538826] START: write_dev 
[  927.538828] START: create_scull 
[  927.538830] START: create_scullqset 
[  927.538831] no of scullqset created=1
[  927.538833] END: create_scullqset 
[  927.538834] START: create_qset 
[  927.538836] END: create_qset 
[  927.538838] number of qset made = 1
[  927.538839] START: create_quantums 
[  927.538841] noq=1
[  927.538842]  qunatum made = 1
[  927.538844] END: create_quantums 
[  927.538846] number of qunatum made = 1
[  927.538847] END: create_scull 
[  927.538849] data to port =  6 
[  927.538852] END: write_dev 
[  927.538854] START: write_dev 
[  927.538856] START: create_scull 
[  927.538857] START: create_scullqset 
[  927.538859] no of scullqset created=1
[  927.538861] END: create_scullqset 
[  927.538862] START: create_qset 
[  927.538864] END: create_qset 
[  927.538865] number of qset made = 1
[  927.538867] START: create_quantums 
[  927.538868] noq=1
[  927.538870]  qunatum made = 1
[  927.538872] END: create_quantums 
[  927.538873] number of qunatum made = 1
[  927.538875] END: create_scull 
[  927.538876] data to port =  7 
[  927.538880] END: write_dev 
[  927.538882] START: write_dev 
[  927.538883] START: create_scull 
[  927.538885] START: create_scullqset 
[  927.538887] no of scullqset created=1
[  927.538888] END: create_scullqset 
[  927.538890] START: create_qset 
[  927.538891] END: create_qset 
[  927.538893] number of qset made = 1
[  927.538895] START: create_quantums 
[  927.538896] noq=1
[  927.538898]  qunatum made = 1
[  927.538899] END: create_quantums 
[  927.538901] number of qunatum made = 1
[  927.538902] END: create_scull 
[  927.538904] data to port =  8 
[  927.538907] END: write_dev 
[  927.538910] START: write_dev 
[  927.538911] START: create_scull 
[  927.538913] START: create_scullqset 
[  927.538914] no of scullqset created=1
[  927.538916] END: create_scullqset 
[  927.538917] START: create_qset 
[  927.538919] END: create_qset 
[  927.538921] number of qset made = 1
[  927.538922] START: create_quantums 
[  927.538924] noq=1
[  927.538925]  qunatum made = 1
[  927.538927] END: create_quantums 
[  927.538929] number of qunatum made = 1
[  927.538930] END: create_scull 
[  927.538932] data to port =  9 
[  927.538934] END: write_dev 
[  927.538937] START: write_dev 
[  927.538938] START: create_scull 
[  927.538940] START: create_scullqset 
[  927.538941] no of scullqset created=1
[  927.538943] END: create_scullqset 
[  927.538945] START: create_qset 
[  927.538946] END: create_qset 
[  927.538948] number of qset made = 1
[  927.538949] START: create_quantums 
[  927.538951] noq=1
[  927.538953]  qunatum made = 1
[  927.538954] END: create_quantums 
[  927.538956] number of qunatum made = 1
[  927.538957] END: create_scull 
[  927.538959] data to port =  : 
[  927.538962] END: write_dev 
[  927.538964] START: write_dev 
[  927.538966] START: create_scull 
[  927.538967] START: create_scullqset 
[  927.538969] no of scullqset created=1
[  927.538971] END: create_scullqset 
[  927.538972] START: create_qset 
[  927.538974] END: create_qset 
[  927.538975] number of qset made = 1
[  927.538977] START: create_quantums 
[  927.538979] noq=1
[  927.538980]  qunatum made = 1
[  927.538982] END: create_quantums 
[  927.538983] number of qunatum made = 1
[  927.538985] END: create_scull 
[  927.538986] data to port =  ; 
[  927.538990] END: write_dev 
[  927.538992] START: write_dev 
[  927.538993] START: create_scull 
[  927.538995] START: create_scullqset 
[  927.538997] no of scullqset created=1
[  927.538998] END: create_scullqset 
[  927.539000] START: create_qset 
[  927.539001] END: create_qset 
[  927.539003] number of qset made = 1
[  927.539005] START: create_quantums 
[  927.539006] noq=1
[  927.539008]  qunatum made = 1
[  927.539010] END: create_quantums 
[  927.539011] number of qunatum made = 1
[  927.539013] END: create_scull 
[  927.539014] data to port =  < 
[  927.539018] END: write_dev 
[  927.539020] START: write_dev 
[  927.539022] START: create_scull 
[  927.539024] START: create_scullqset 
[  927.539025] no of scullqset created=1
[  927.539027] END: create_scullqset 
[  927.539028] START: create_qset 
[  927.539030] END: create_qset 
[  927.539032] number of qset made = 1
[  927.539033] START: create_quantums 
[  927.539035] noq=1
[  927.539036]  qunatum made = 1
[  927.539038] END: create_quantums 
[  927.539039] number of qunatum made = 1
[  927.539041] END: create_scull 
[  927.539043] data to port =  = 
[  927.539046] END: write_dev 
[  927.539048] START: write_dev 
[  927.539050] START: create_scull 
[  927.539051] START: create_scullqset 
[  927.539053] no of scullqset created=1
[  927.539055] END: create_scullqset 
[  927.539056] START: create_qset 
[  927.539058] END: create_qset 
[  927.539059] number of qset made = 1
[  927.539061] START: create_quantums 
[  927.539062] noq=1
[  927.539064]  qunatum made = 1
[  927.539066] END: create_quantums 
[  927.539067] number of qunatum made = 1
[  927.539069] END: create_scull 
[  927.539071] data to port =  > 
[  927.539074] END: write_dev 
[  927.539076] START: write_dev 
[  927.539078] START: create_scull 
[  927.539080] START: create_scullqset 
[  927.539081] no of scullqset created=1
[  927.539083] END: create_scullqset 
[  927.539084] START: create_qset 
[  927.539086] END: create_qset 
[  927.539087] number of qset made = 1
[  927.539089] START: create_quantums 
[  927.539091] noq=1
[  927.539092]  qunatum made = 1
[  927.539094] END: create_quantums 
[  927.539095] number of qunatum made = 1
[  927.539097] END: create_scull 
[  927.539099] data to port =  ? 
[  927.539102] END: write_dev 
[  927.539104] START: write_dev 
[  927.539106] START: create_scull 
[  927.539107] START: create_scullqset 
[  927.539109] no of scullqset created=1
[  927.539111] END: create_scullqset 
[  927.539112] START: create_qset 
[  927.539114] END: create_qset 
[  927.539115] number of qset made = 1
[  927.539117] START: create_quantums 
[  927.539119] noq=1
[  927.539120]  qunatum made = 1
[  927.539122] END: create_quantums 
[  927.539123] number of qunatum made = 1
[  927.539125] END: create_scull 
[  927.539127] data to port =  @ 
[  927.539130] END: write_dev 
[  927.539132] START: write_dev 
[  927.539134] START: create_scull 
[  927.539135] START: create_scullqset 
[  927.539137] no of scullqset created=1
[  927.539138] END: create_scullqset 
[  927.539140] START: create_qset 
[  927.539142] END: create_qset 
[  927.539143] number of qset made = 1
[  927.539145] START: create_quantums 
[  927.539146] noq=1
[  927.539148]  qunatum made = 1
[  927.539149] END: create_quantums 
[  927.539151] number of qunatum made = 1
[  927.539153] END: create_scull 
[  927.539154] data to port =  A 
[  927.539157] END: write_dev 
[  927.539160] START: write_dev 
[  927.539161] START: create_scull 
[  927.539163] START: create_scullqset 
[  927.539165] no of scullqset created=1
[  927.539166] END: create_scullqset 
[  927.539168] START: create_qset 
[  927.539170] END: create_qset 
[  927.539171] number of qset made = 1
[  927.539173] START: create_quantums 
[  927.539174] noq=1
[  927.539176]  qunatum made = 1
[  927.539178] END: create_quantums 
[  927.539179] number of qunatum made = 1
[  927.539181] END: create_scull 
[  927.539183] data to port =  B 
[  927.539186] END: write_dev 
[  927.539188] START: write_dev 
[  927.539190] START: create_scull 
[  927.539191] START: create_scullqset 
[  927.539193] no of scullqset created=1
[  927.539195] END: create_scullqset 
[  927.539196] START: create_qset 
[  927.539198] END: create_qset 
[  927.539200] number of qset made = 1
[  927.539201] START: create_quantums 
[  927.539203] noq=1
[  927.539204]  qunatum made = 1
[  927.539206] END: create_quantums 
[  927.539208] number of qunatum made = 1
[  927.539209] END: create_scull 
[  927.539211] data to port =  C 
[  927.539214] END: write_dev 
[  927.539216] START: write_dev 
[  927.539218] START: create_scull 
[  927.539219] START: create_scullqset 
[  927.539221] no of scullqset created=1
[  927.539223] END: create_scullqset 
[  927.539224] START: create_qset 
[  927.539226] END: create_qset 
[  927.539228] number of qset made = 1
[  927.539229] START: create_quantums 
[  927.539231] noq=1
[  927.539233]  qunatum made = 1
[  927.539235] END: create_quantums 
[  927.539237] number of qunatum made = 1
[  927.539238] END: create_scull 
[  927.539240] data to port =  D 
[  927.539243] END: write_dev 
[  927.539246] START: write_dev 
[  927.539248] START: create_scull 
[  927.539249] START: create_scullqset 
[  927.539251] no of scullqset created=1
[  927.539253] END: create_scullqset 
[  927.539254] START: create_qset 
[  927.539256] END: create_qset 
[  927.539257] number of qset made = 1
[  927.539259] START: create_quantums 
[  927.539261] noq=1
[  927.539262]  qunatum made = 1
[  927.539264] END: create_quantums 
[  927.539265] number of qunatum made = 1
[  927.539267] END: create_scull 
[  927.539268] data to port =  E 
[  927.539272] END: write_dev 
[  927.539274] START: write_dev 
[  927.539276] START: create_scull 
[  927.539277] START: create_scullqset 
[  927.539279] no of scullqset created=1
[  927.539280] END: create_scullqset 
[  927.539282] START: create_qset 
[  927.539284] END: create_qset 
[  927.539286] number of qset made = 1
[  927.539287] START: create_quantums 
[  927.539289] noq=1
[  927.539290]  qunatum made = 1
[  927.539292] END: create_quantums 
[  927.539294] number of qunatum made = 1
[  927.539295] END: create_scull 
[  927.539297] data to port =  F 
[  927.539300] END: write_dev 
[  927.539302] START: write_dev 
[  927.539304] START: create_scull 
[  927.539306] START: create_scullqset 
[  927.539308] no of scullqset created=1
[  927.539309] END: create_scullqset 
[  927.539311] START: create_qset 
[  927.539312] END: create_qset 
[  927.539314] number of qset made = 1
[  927.539315] START: create_quantums 
[  927.539317] noq=1
[  927.539319]  qunatum made = 1
[  927.539320] END: create_quantums 
[  927.539322] number of qunatum made = 1
[  927.539323] END: create_scull 
[  927.539325] data to port =  G 
[  927.539328] END: write_dev 
[  927.539330] START: write_dev 
[  927.539332] START: create_scull 
[  927.539334] START: create_scullqset 
[  927.539335] no of scullqset created=1
[  927.539337] END: create_scullqset 
[  927.539339] START: create_qset 
[  927.539340] END: create_qset 
[  927.539342] number of qset made = 1
[  927.539343] START: create_quantums 
[  927.539345] noq=1
[  927.539346]  qunatum made = 1
[  927.539348] END: create_quantums 
[  927.539350] number of qunatum made = 1
[  927.539351] END: create_scull 
[  927.539353] data to port =  H 
[  927.539356] END: write_dev 
[  927.539358] START: write_dev 
[  927.539360] START: create_scull 
[  927.539361] START: create_scullqset 
[  927.539363] no of scullqset created=1
[  927.539365] END: create_scullqset 
[  927.539366] START: create_qset 
[  927.539368] END: create_qset 
[  927.539369] number of qset made = 1
[  927.539371] START: create_quantums 
[  927.539372] noq=1
[  927.539374]  qunatum made = 1
[  927.539376] END: create_quantums 
